
[1m[46m RUN [49m[22m [36mv4.0.18 [39m[90m/Users/blakeaycock/code/fitnessAI[39m

 [31m×[39m app/page.test.tsx[2m > [22mHome page[2m > [22mrenders signed-out funnel content[33m 1056[2mms[22m[39m
[31m   → Unable to find role="link" and name `/Preview Your Protocol/i`

Ignored nodes: comments, script, style
[36m<body>[31m
  [36m<div>[31m
    [36m<div[31m
      [33mclass[31m=[32m"mx-auto w-full max-w-shell px-4 py-12 sm:px-6"[31m
    [36m>[31m
      [36m<section[31m
        [33mclass[31m=[32m"relative overflow-hidden rounded-xl3 border border-white/10 bg-black p-6 shadow-fn-card sm:p-16 lg:p-24"[31m
      [36m>[31m
        [36m<div[31m
          [33mclass[31m=[32m"absolute inset-0 z-0"[31m
        [36m>[31m
          [36m<video[31m
            [33mautoplay[31m=[32m""[31m
            [33mclass[31m=[32m"h-full w-full object-cover object-center opacity-40 grayscale contrast-125 transition-opacity duration-1000"[31m
            [33mloop[31m=[32m""[31m
            [33mplaysinline[31m=[32m""[31m
            [33msrc[31m=[32m"/images/push-ups.mp4"[31m
          [36m/>[31m
        [36m</div>[31m
        [36m<div[31m
          [33mclass[31m=[32m"absolute inset-0 z-0 bg-gradient-to-r from-black via-black/90 to-transparent"[31m
        [36m/>[31m
        [36m<div[31m
          [33mclass[31m=[32m"absolute inset-0 z-0 bg-gradient-to-t from-black via-transparent to-black/30"[31m
        [36m/>[31m
        [36m<div[31m
          [33mclass[31m=[32m"relative z-10"[31m
        [36m>[31m
          [36m<p[31m
            [33mclass[31m=[32m"text-[11px] font-black uppercase tracking-[0.5em] text-fn-accent"[31m
          [36m>[31m
            [0miOS Coaching Platform[0m
          [36m</p>[31m
          [36m<h1[31m
            [33mclass[31m=[32m"mt-6 font-display text-6xl font-black uppercase italic tracking-tighter text-white sm:text-8xl lg:text-9xl leading-[0.85]"[31m
          [36m>[31m
            [0mBuild Your[0m
            [36m<br />[31m
            [0mLegend[0m
          [36m</h1>[31m
          [36m<p[31m
            [33mclass[31m=[32m"mt-8 max-w-2xl text-lg font-medium leading-relaxed text-fn-muted/90 lg:text-2xl"[31m
          [36m>[31m
            [0mYour AI coach now lives in your pocket. Koda for iPhone delivers adaptive daily plans, wearable-powered readiness, and instant nutrition + workout logging wherever you train.[0m
          [36m</p>[31m
          [36m<div[31m
            [33mclass[31m=[32m"mt-12 flex flex-col gap-4 sm:flex-row"[31m
          [36m>[31m
            [36m<a[31m
              [33maria-label[31m=[32m"Set Up My iPhone Coach"[31m
              [33mhref[31m=[32m"/start"[31m
            [36m>[31m
              [36m<button[31m
                [33mclass[31m=[32m"inline-flex items-center justify-center rounded-xl transition-all duration-300 active:scale-95 focus:outline-none focus:ring-2 focus:ring-offset-2 focus:ring-offset-fn-bg bg-fn-primary text-black shadow-fn-btn hover:bg-white hover:scale-[1.02] focus:ring-fn-primary/40 disabled:opacity-50 h-touch-lg px-8 py-4 text-[11px] tracking-[0.25em] font-black h-touch-lg px-8 text-xs font-black uppercase tracking-[0.2em] bg-white text-black hover:bg-white/90"[31m
                [33mtype[31m=[32m"button"[31m
              [36m>[31m
                [0mSet Up My iPhone Coach[0m
              [36m</button>[31m
            [36m</a>[31m
            [36m<a[31m
              [33maria-label[31m=[32m"Member Access"[31m
              [33mhref[31m=[32m"/auth"[31m
            [36m>[31m
              [36m<button[31m
                [33mclass[31m=[32m"inline-flex items-center justify-center rounded-xl transition-all duration-300 active:scale-95 focus:outline-none focus:ring-2 focus:ring-offset-2 focus:ring-offset-fn-bg border border-white/10 bg-white/5 text-white backdrop-blur-sm hover:bg-white/10 hover:border-white/20 focus:ring-fn-primary/30 h-touch-lg px-8 py-4 text-[11px] tracking-[0.25em] font-black h-touch-lg px-8 text-xs font-black uppercase tracking-[0.2em] bg-white/5 border border-white/10 hover:bg-white/10 text-white"[31m
                [33mtype[31m=[32m"button"[31m
              [36m>[31m
                [0mSign In[0m
              [36m</button>[31m
            [36m</a>[31m
          [36m</div>[31m
          [36m<div[31m
            [33mclass[31m=[32m"mt-20 border-t border-white/10 pt-12"[31m
          [36m>[31m
            [36m<p[31m
              [33mclass[31m=[32m"text-[10px] font-black uppercase tracking-[0.4em] text-fn-accent mb-6"[31m
            [36m>[31m
              [0mWhat Your First Week Looks Like[0m
            [36m</p>[31m
            [36m<h2[31m
              [33mclass[31m=[32m"font-display text-4xl font-black uppercase italic tracking-tighter text-white sm:text-5xl mb-10"[31m
            [36m>[31m
              [0mYour First 7 Days[0m
            [36m</h2>[31m
            [36m<div[31m
              [33mclass[31m=[32m"grid gap-6 sm:grid-cols-2 lg:grid-cols-4"[31m
            [36m>[31m
              [36m<div[31m
                [33mclass[31m=[32m"relative p-6 rounded-2xl bg-white/[0.03] border border-white/5 hover:bg-white/[0.05] transition-all group"[31m
              [36m>[31m
                [36m<div[31m
                  [33mclass[31m=[32m"absolute -top-4 -left-4 h-10 w-10 rounded-full bg-fn-accent flex items-center justify-center text-black font-black text-xs shadow-[0_0_15px_rgba(10,217,196,0.5)]"[31m
                [36m>[31m
                  [0mD1[0m
                [36m</div>[31m
                [36m<p[31m
                  [33mclass[31m=[32m"text-sm font-black text-white uppercase tracking-widest mb-2 mt-2"[31m
                [36m>[31m
                  [0mStarting Point[0m
                [36m</p>[31m
                [36m<p[31m
                  [33mclass[31m=[32m"text-xs text-fn-muted leading-relaxed"[31m
                [36m>[31m
                  [0mKoda learns your goals, schedule, and current baseline.[0m
                [36m</p>[31m
              [36m</div>[31m
              [36m<div[31m
                [33mclass[31m=[32m"relative p-6 rounded-2xl bg-white/[0.03] border border-white/5 hover:bg-white/[0.05] transition-all group"[31m
              [36m>[31m
                [36m<div[31m
                  [33mclass[31m=[32m"absolute -top-4 -left-4 h-10 w-10 rounded-full bg-fn-accent flex items-center justify-center text-black font-black text-xs shadow-[0_0_15px_rgba(10,217,196,0.5)]"[31m
                [36m>[31m
                  [0mD3[0m
                [36m</div>[31m
                [36m<p[31m
                  [33mclass[31m=[32m"text-sm font-black text-white uppercase tracking-widest mb-2 mt-2"[31m
                [36m>[31m
                  [0mPlan Tune-Up[0m
                [36m</p>[31m
                [36m<p[31m
                  [33mclass[31m=[32m"text-xs text-fn-muted leading-relaxed"[31m
                [36m>[31m
                  [0mYour workout and food targets adjust to early feedback.[0m
                [36m</p>[31m
              [36m</div>[31m
              [36m<div[...

Ignored nodes: comments, script, style
[36m<body>[31m
  [36m<div>[31m
    [36m<div[31m
      [33mclass[31m=[32m"mx-auto w-full max-w-shell px-4 py-12 sm:px-6"[31m
    [36m>[31m
      [36m<section[31m
        [33mclass[31m=[32m"relative overflow-hidden rounded-xl3 border border-white/10 bg-black p-6 shadow-fn-card sm:p-16 lg:p-24"[31m
      [36m>[31m
        [36m<div[31m
          [33mclass[31m=[32m"absolute inset-0 z-0"[31m
        [36m>[31m
          [36m<video[31m
            [33mautoplay[31m=[32m""[31m
            [33mclass[31m=[32m"h-full w-full object-cover object-center opacity-40 grayscale contrast-125 transition-opacity duration-1000"[31m
            [33mloop[31m=[32m""[31m
            [33mplaysinline[31m=[32m""[31m
            [33msrc[31m=[32m"/images/push-ups.mp4"[31m
          [36m/>[31m
        [36m</div>[31m
        [36m<div[31m
          [33mclass[31m=[32m"absolute inset-0 z-0 bg-gradient-to-r from-black via-black/90 to-transparent"[31m
        [36m/>[31m
        [36m<div[31m
          [33mclass[31m=[32m"absolute inset-0 z-0 bg-gradient-to-t from-black via-transparent to-black/30"[31m
        [36m/>[31m
        [36m<div[31m
          [33mclass[31m=[32m"relative z-10"[31m
        [36m>[31m
          [36m<p[31m
            [33mclass[31m=[32m"text-[11px] font-black uppercase tracking-[0.5em] text-fn-accent"[31m
          [36m>[31m
            [0miOS Coaching Platform[0m
          [36m</p>[31m
          [36m<h1[31m
            [33mclass[31m=[32m"mt-6 font-display text-6xl font-black uppercase italic tracking-tighter text-white sm:text-8xl lg:text-9xl leading-[0.85]"[31m
          [36m>[31m
            [0mBuild Your[0m
            [36m<br />[31m
            [0mLegend[0m
          [36m</h1>[31m
          [36m<p[31m
            [33mclass[31m=[32m"mt-8 max-w-2xl text-lg font-medium leading-relaxed text-fn-muted/90 lg:text-2xl"[31m
          [36m>[31m
            [0mYour AI coach now lives in your pocket. Koda for iPhone delivers adaptive daily plans, wearable-powered readiness, and instant nutrition + workout logging wherever you train.[0m
          [36m</p>[31m
          [36m<div[31m
            [33mclass[31m=[32m"mt-12 flex flex-col gap-4 sm:flex-row"[31m
          [36m>[31m
            [36m<a[31m
              [33maria-label[31m=[32m"Set Up My iPhone Coach"[31m
              [33mhref[31m=[32m"/start"[31m
            [36m>[31m
              [36m<button[31m
                [33mclass[31m=[32m"inline-flex items-center justify-center rounded-xl transition-all duration-300 active:scale-95 focus:outline-none focus:ring-2 focus:ring-offset-2 focus:ring-offset-fn-bg bg-fn-primary text-black shadow-fn-btn hover:bg-white hover:scale-[1.02] focus:ring-fn-primary/40 disabled:opacity-50 h-touch-lg px-8 py-4 text-[11px] tracking-[0.25em] font-black h-touch-lg px-8 text-xs font-black uppercase tracking-[0.2em] bg-white text-black hover:bg-white/90"[31m
                [33mtype[31m=[32m"button"[31m
              [36m>[31m
                [0mSet Up My iPhone Coach[0m
              [36m</button>[31m
            [36m</a>[31m
            [36m<a[31m
              [33maria-label[31m=[32m"Member Access"[31m
              [33mhref[31m=[32m"/auth"[31m
            [36m>[31m
              [36m<button[31m
                [33mclass[31m=[32m"inline-flex items-center justify-center rounded-xl transition-all duration-300 active:scale-95 focus:outline-none focus:ring-2 focus:ring-offset-2 focus:ring-offset-fn-bg border border-white/10 bg-white/5 text-white backdrop-blur-sm hover:bg-white/10 hover:border-white/20 focus:ring-fn-primary/30 h-touch-lg px-8 py-4 text-[11px] tracking-[0.25em] font-black h-touch-lg px-8 text-xs font-black uppercase tracking-[0.2em] bg-white/5 border border-white/10 hover:bg-white/10 text-white"[31m
                [33mtype[31m=[32m"button"[31m
              [36m>[31m
                [0mSign In[0m
              [36m</button>[31m
            [36m</a>[31m
          [36m</div>[31m
          [36m<div[31m
            [33mclass[31m=[32m"mt-20 border-t border-white/10 pt-12"[31m
          [36m>[31m
            [36m<p[31m
              [33mclass[31m=[32m"text-[10px] font-black uppercase tracking-[0.4em] text-fn-accent mb-6"[31m
            [36m>[31m
              [0mWhat Your First Week Looks Like[0m
            [36m</p>[31m
            [36m<h2[31m
              [33mclass[31m=[32m"font-display text-4xl font-black uppercase italic tracking-tighter text-white sm:text-5xl mb-10"[31m
            [36m>[31m
              [0mYour First 7 Days[0m
            [36m</h2>[31m
            [36m<div[31m
              [33mclass[31m=[32m"grid gap-6 sm:grid-cols-2 lg:grid-cols-4"[31m
            [36m>[31m
              [36m<div[31m
                [33mclass[31m=[32m"relative p-6 rounded-2xl bg-white/[0.03] border border-white/5 hover:bg-white/[0.05] transition-all group"[31m
              [36m>[31m
                [36m<div[31m
                  [33mclass[31m=[32m"absolute -top-4 -left-4 h-10 w-10 rounded-full bg-fn-accent flex items-center justify-center text-black font-black text-xs shadow-[0_0_15px_rgba(10,217,196,0.5)]"[31m
                [36m>[31m
                  [0mD1[0m
                [36m</div>[31m
                [36m<p[31m
                  [33mclass[31m=[32m"text-sm font-black text-white uppercase tracking-widest mb-2 mt-2"[31m
                [36m>[31m
                  [0mStarting Point[0m
                [36m</p>[31m
                [36m<p[31m
                  [33mclass[31m=[32m"text-xs text-fn-muted leading-relaxed"[31m
                [36m>[31m
                  [0mKoda learns your goals, schedule, and current baseline.[0m
                [36m</p>[31m
              [36m</div>[31m
              [36m<div[31m
                [33mclass[31m=[32m"relative p-6 rounded-2xl bg-white/[0.03] border border-white/5 hover:bg-white/[0.05] transition-all group"[31m
              [36m>[31m
                [36m<div[31m
                  [33mclass[31m=[32m"absolute -top-4 -left-4 h-10 w-10 rounded-full bg-fn-accent flex items-center justify-center text-black font-black text-xs shadow-[0_0_15px_rgba(10,217,196,0.5)]"[31m
                [36m>[31m
                  [0mD3[0m
                [36m</div>[31m
                [36m<p[31m
                  [33mclass[31m=[32m"text-sm font-black text-white uppercase tracking-widest mb-2 mt-2"[31m
                [36m>[31m
                  [0mPlan Tune-Up[0m
                [36m</p>[31m
                [36m<p[31m
                  [33mclass[31m=[32m"text-xs text-fn-muted leading-relaxed"[31m
                [36m>[31m
                  [0mYour workout and food targets adjust to early feedback.[0m
                [36m</p>[31m
              [36m</div>[31m
              [36m<div[...[39m
 [2m[90m↓[39m[22m app/page.test.tsx[2m > [22mHome page[2m > [22mrenders signed-in dashboard cockpit
[90mstderr[2m | app/api/v1/ai/respond/route.test.ts[2m > [22m[2mPOST /api/v1/ai/respond[2m > [22m[2mreturns UPSTREAM_ERROR for unexpected runtime failures
[22m[39mai_respond_unhandled { requestId: [32m'mmr5wcap-komimai1'[39m, error: [32m'db unavailable'[39m }

 [32m✓[39m app/api/v1/ai/respond/route.test.ts[2m > [22mPOST /api/v1/ai/respond[2m > [22mreturns 400 when body is not valid JSON[32m 6[2mms[22m[39m
 [32m✓[39m app/api/v1/ai/respond/route.test.ts[2m > [22mPOST /api/v1/ai/respond[2m > [22mreturns 401 when user is not authenticated[32m 3[2mms[22m[39m
 [32m✓[39m app/api/v1/ai/respond/route.test.ts[2m > [22mPOST /api/v1/ai/respond[2m > [22mreturns UPSTREAM_ERROR for unexpected runtime failures[32m 4[2mms[22m[39m
 [32m✓[39m app/api/v1/ai/respond/route.test.ts[2m > [22mPOST /api/v1/ai/respond[2m > [22mreturns 400 when message exceeds max length[32m 1[2mms[22m[39m
 [32m✓[39m app/api/v1/ai/respond/route.test.ts[2m > [22mPOST /api/v1/ai/respond[2m > [22mreturns 503 when OPENROUTER_API_KEY is not set[32m 2[2mms[22m[39m
 [32m✓[39m app/api/v1/ai/respond/route.test.ts[2m > [22mPOST /api/v1/ai/respond[2m > [22mreturns 200 and reply when authenticated and provider succeeds[32m 3[2mms[22m[39m
[90mstderr[2m | app/api/v1/ai/respond/route.test.ts[2m > [22m[2mPOST /api/v1/ai/respond[2m > [22m[2mreturns UPSTREAM_ERROR when provider is rate limited
[22m[39mai_respond_upstream_error {
  requestId: [32m'mmr5wcay-wmluvcte'[39m,
  code: [32m'AI_HTTP'[39m,
  status: [33m429[39m,
  model: [32m'openai/gpt-4o-mini'[39m,
  providerMessage: [32m'Rate limit exceeded'[39m,
  retryable: [33mtrue[39m
}

[90mstderr[2m | app/api/v1/ai/respond/route.test.ts[2m > [22m[2mPOST /api/v1/ai/respond[2m > [22m[2mprocesses log_daily_check_in successfully
[22m[39mai_persist_error {
  requestId: [32m'mmr5wcib-0sv6uul3'[39m,
  userId: [32m'u1'[39m,
  error: [32m'supabase.from(...).select(...).eq(...).order is not a function'[39m
}

 [32m✓[39m app/api/v1/ai/respond/route.test.ts[2m > [22mPOST /api/v1/ai/respond[2m > [22mreturns UPSTREAM_ERROR when provider is rate limited[32m 253[2mms[22m[39m
 [32m✓[39m app/api/v1/ai/respond/route.test.ts[2m > [22mPOST /api/v1/ai/respond[2m > [22mfalls back to backup model when primary model fails[32m 1[2mms[22m[39m
 [32m✓[39m app/api/v1/ai/respond/route.test.ts[2m > [22mPOST /api/v1/ai/respond[2m > [22mprocesses tool calls and logs biometrics successfully[32m 5[2mms[22m[39m
 [32m✓[39m app/api/v1/ai/respond/route.test.ts[2m > [22mPOST /api/v1/ai/respond[2m > [22mprocesses log_workout with calories_burned[32m 3[2mms[22m[39m
 [32m✓[39m app/api/v1/ai/respond/route.test.ts[2m > [22mPOST /api/v1/ai/respond[2m > [22mprocesses remove_meal successfully[32m 2[2mms[22m[39m
 [32m✓[39m app/api/v1/ai/respond/route.test.ts[2m > [22mPOST /api/v1/ai/respond[2m > [22mprocesses log_hydration successfully[32m 1[2mms[22m[39m
 [32m✓[39m app/api/v1/ai/respond/route.test.ts[2m > [22mPOST /api/v1/ai/respond[2m > [22mprocesses log_daily_check_in successfully[32m 3[2mms[22m[39m
 [31m×[39m app/api/v1/ai/respond/route.test.ts[2m > [22mPOST /api/v1/ai/respond[2m > [22mupdates today's workout plan with guided-coach-ready exercise details[32m 13[2mms[22m[39m
[31m   → expected "vi.fn()" to be called 1 times, but got 0 times[39m
 [32m✓[39m app/api/v1/ai/respond/route.test.ts[2m > [22mPOST /api/v1/ai/respond[2m > [22minjects wearable context into AI prompt and persists live signals[32m 1[2mms[22m[39m
 [31m×[39m app/onboarding/page.test.tsx[2m > [22mOnboarding page[2m > [22mdoes not mark onboarding completed when saving fails[33m 800[2mms[22m[39m
[31m   → Unable to find an accessible element with the role "button" and name `/next/i`

Here are the accessible roles:

  img:

  Name "Onboarding Background":
  [36m<img[31m
    [33malt[31m=[32m"Onboarding Background"[31m
    [33mclass[31m=[32m"object-cover opacity-20 grayscale transition-all duration-1000"[31m
    [33mdata-nimg[31m=[32m"fill"[31m
    [33mdecoding[31m=[32m"async"[31m
    [33mfetchpriority[31m=[32m"high"[31m
    [33msizes[31m=[32m"100vw"[31m
    [33msrc[31m=[32m"/_next/image?url=%2Fimages%2Frefined%2Fathletic_female_stretching.png&w=3840&q=75"[31m
    [33msrcset[31m=[32m"/_next/image?url=%2Fimages%2Frefined%2Fathletic_female_stretching.png&w=640&q=75 640w, /_next/image?url=%2Fimages%2Frefined%2Fathletic_female_stretching.png&w=750&q=75 750w, /_next/image?url=%2Fimages%2Frefined%2Fathletic_female_stretching.png&w=828&q=75 828w, /_next/image?url=%2Fimages%2Frefined%2Fathletic_female_stretching.png&w=1080&q=75 1080w, /_next/image?url=%2Fimages%2Frefined%2Fathletic_female_stretching.png&w=1200&q=75 1200w, /_next/image?url=%2Fimages%2Frefined%2Fathletic_female_stretching.png&w=1920&q=75 1920w, /_next/image?url=%2Fimages%2Frefined%2Fathletic_female_stretching.png&w=2048&q=75 2048w, /_next/image?url=%2Fimages%2Frefined%2Fathletic_female_stretching.png&w=3840&q=75 3840w"[31m
    [33mstyle[31m=[32m"position: absolute; height: 100%; width: 100%; left: 0px; top: 0px; right: 0px; bottom: 0px; color: transparent;"[31m
  [36m/>[31m

  --------------------------------------------------
  banner:

  Name "":
  [36m<header[31m
    [33mclass[31m=[32m"mb-6"[31m
  [36m/>[31m

  --------------------------------------------------
  paragraph:

  Name "":
  [36m<p[31m
    [33mclass[31m=[32m"text-xs font-semibold uppercase tracking-[0.14em] text-fn-muted"[31m
  [36m/>[31m

  Name "":
  [36m<p[31m
    [33mclass[31m=[32m"mt-2 text-fn-muted"[31m
  [36m/>[31m

  Name "":
  [36m<p[31m
    [33mclass[31m=[32m"mt-3 text-sm font-semibold text-fn-muted"[31m
  [36m/>[31m

  Name "":
  [36m<p />[31m

  Name "":
  [36m<p />[31m

  Name "":
  [36m<p />[31m

  Name "":
  [36m<p[31m
    [33mclass[31m=[32m"mt-1 text-xs leading-relaxed text-fn-muted"[31m
  [36m/>[31m

  Name "":
  [36m<p[31m
    [33mclass[31m=[32m"mt-1 text-xs leading-relaxed text-fn-muted"[31m
  [36m/>[31m

  Name "":
  [36m<p[31m
    [33mclass[31m=[32m"mt-1 text-xs leading-relaxed text-fn-muted"[31m
  [36m/>[31m

  Name "":
  [36m<p[31m
    [33mclass[31m=[32m"mt-1 text-xs leading-relaxed text-fn-muted"[31m
  [36m/>[31m

  Name "":
  [36m<p[31m
    [33mclass[31m=[32m"text-[10px] font-black uppercase tracking-widest text-fn-accent mb-3"[31m
  [36m/>[31m

  Name "":
  [36m<p[31m
    [33mclass[31m=[32m"mt-6 text-[10px] text-fn-muted/50 uppercase tracking-widest"[31m
  [36m/>[31m

  --------------------------------------------------
  heading:

  Name "Set up your profile":
  [36m<h1[31m
    [33mclass[31m=[32m"mt-2 font-display text-4xl text-fn-ink"[31m
  [36m/>[31m

  Name "Your body metrics":
  [36m<h2[31m
    [33mclass[31m=[32m"text-xl font-semibold text-fn-ink"[31m
  [36m/>[31m

  --------------------------------------------------
  progressbar:

  Name "Onboarding progress":
  [36m<div[31m
    [33maria-label[31m=[32m"Onboarding progress"[31m
    [33maria-valuemax[31m=[32m"7"[31m
    [33maria-valuemin[31m=[32m"1"[31m
    [33maria-valuenow[31m=[32m"1"[31m
    [33mclass[31m=[32m"mb-6"[31m
    [33mrole[31m=[32m"progressbar"[31m
  [36m/>[31m

  --------------------------------------------------
  button:

  Name "":
  [36m<button[31m
    [33maria-current[31m=[32m"step"[31m
    [33mclass[31m=[32m"h-2 flex-1 rounded-full transition-colors focus:outline-none focus:ring-2 focus:ring-fn-primary/30 bg-fn-primary shadow-[0_0_10px_rgba(51,92,255,0.4)]"[31m
    [33mtype[31m=[32m"button"[31m
  [36m/>[31m

  Name "":
  [36m<button[31m
    [33mclass[31m=[32m"h-2 flex-1 rounded-full transition-colors focus:outline-none focus:ring-2 focus:ring-fn-primary/30 bg-fn-bg-alt"[31m
    [33mtype[31m=[32m"button"[31m
  [36m/>[31m

  Name "":
  [36m<button[31m
    [33mclass[31m=[32m"h-2 flex-1 rounded-full transition-colors focus:outline-none focus:ring-2 focus:ring-fn-primary/30 bg-fn-bg-alt"[31m
    [33mtype[31m=[32m"button"[31m
  [36m/>[31m

  Name "":
  [36m<button[31m
    [33mclass[31m=[32m"h-2 flex-1 rounded-full transition-colors focus:outline-none focus:ring-2 focus:ring-fn-primary/30 bg-fn-bg-alt"[31m
    [33mtype[31m=[32m"button"[31m
  [36m/>[31m

  Name "":
  [36m<button[31m
    [33mclass[31m=[32m"h-2 flex-1 rounded-full transition-colors focus:outline-none focus:ring-2 focus:ring-fn-primary/30 bg-fn-bg-alt"[31m
    [33mtype[31m=[32m"button"[31m
  [36m/>[31m

  Name "":
  [36m<button[31m
    [33mclass[31m=[32m"h-2 flex-1 rounded-full transition-colors focus:outline-none focus:ring-2 focus:ring-fn-primary/30 bg-fn-bg-alt"[31m
    [33mtype[31m=[32m"button"[31m
  [36m/>[31m

  Name "":
  [36m<button[31m
    [33mclass[31m=[32m"h-2 flex-1 rounded-full transition-colors focus:outline-none focus:ring-2 focus:ring-fn-primary/30 bg-fn-bg-alt"[31m
    [33mtype[31m=[32m"button"[31m
  [36m/>[31m

  Name "Continue to goals":
  [36m<button[31m
    [33mclass[31m=[32m"inline-flex items-center justify-center rounded-xl transition-all duration-300 active:scale-95 focus:outline-none focus:ring-2 focus:ring-offset-2 focus:ring-offset-fn-bg bg-fn-primary text-black shadow-fn-btn hover:bg-white hover:scale-[1.02] focus:ring-fn-primary/40 disabled:opacity-50 h-touch-lg px-8 py-4 text-[11px] tracking-[0.25em] font-black flex-1"[31m
    [33mtype[31m=[32m"button"[31m
  [36m/>[31m

  --------------------------------------------------
  group:

  Name "":
  [36m<details[31m
    [33mclass[31m=[32m"mb-4 rounded-xl border border-white/8 bg-black/15 px-4 py-3"[31m
  [36m/>[31m

  --------------------------------------------------
  textbox:

  Name "":
  [36m<input[31m
    [33mclass[31m=[32m"min-h-touch w-full rounded-xl border border-fn-border bg-fn-surface px-4 py-3 text-fn-ink placeholder-fn-muted focus:border-fn-accent focus:outline-none focus:ring-2 focus:ring-fn-accent/10 transition-colors"[31m
    [33mplaceholder[31m=[32m"Your name"[31m
    [33mtype[31m=[32m"text"[31m
    [33mvalue[31m=[32m""[31m
  [36m/>[31m

  Name "":
  [36m<input[31m
    [33mclass[31m=[32m"min-h-touch w-full rounded-xl border border-fn-border bg-fn-surface px-4 py-3 text-fn-ink placeholder-fn-muted focus:border-fn-accent focus:outline-none focus:ring-2 focus:ring-fn-accent/10 transition-colors"[31m
    [33mplaceholder[31m=[32m"+15551234567"[31m
    [33mtype[31m=[32m"tel"[31m
    [33mvalue[31m=[32m""[31m
  [36m/>[31m

  --------------------------------------------------
  spinbutton:

  Name "":
  [36m<input[31m
    [33mclass[31m=[32m"min-h-touch w-full rounded-xl border border-fn-border bg-fn-surface px-4 py-3 text-fn-ink placeholder-fn-muted focus:border-fn-accent focus:outline-none focus:ring-2 focus:ring-fn-accent/10 transition-colors"[31m
    [33mmax[31m=[32m"120"[31m
    [33mmin[31m=[32m"13"[31m
    [33mplaceholder[31m=[32m"25"[31m
    [33mtype[31m=[32m"number"[31m
    [33mvalue[31m=[32m""[31m
  [36m/>[31m

  Name "":
  [36m<input[31m
    [33mclass[31m=[32m"min-h-touch w-full rounded-xl border border-fn-border bg-fn-surface px-4 py-3 text-fn-ink placeholder-fn-muted focus:border-fn-accent focus:outline-none focus:ring-2 focus:ring-fn-accent/10 transition-colors"[31m
    [33mplaceholder[31m=[32m"67"[31m
    [33mstep[31m=[32m"0.1"[31m
    [33mtype[31m=[32m"number"[31m
    [33mvalue[31m=[32m""[31m
  [36m/>[31m

  Name "":
  [36m<input[31m
    [33mclass[31m=[32m"min-h-touch w-full rounded-xl border border-fn-border bg-fn-surface px-4 py-3 text-fn-ink placeholder-fn-muted focus:border-fn-accent focus:outline-none focus:ring-2 focus:ring-fn-accent/10 transition-colors"[31m
    [33mplaceholder[31m=[32m"154"[31m
    [33mstep[31m=[32m"0.1"[31m
    [33mtype[31m=[32m"number"[31m
    [33mvalue[31m=[32m""[31m
  [36m/>[31m

  --------------------------------------------------
  combobox:

  Name "":
  [36m<select[31m
    [33mclass[31m=[32m"min-h-touch w-full rounded-xl border border-fn-border bg-fn-surface px-4 py-3 text-fn-ink placeholder-fn-muted focus:border-fn-accent focus:outline-none focus:ring-2 focus:ring-fn-accent/10 transition-colors"[31m
  [36m/>[31m

  Name "":
  [36m<select[31m
    [33mclass[31m=[32m"min-h-touch w-full rounded-xl border border-fn-border bg-fn-surface px-4 py-3 text-fn-ink placeholder-fn-muted focus:border-fn-accent focus:outline-none focus:ring-2 focus:ring-fn-accent/10 transition-colors"[31m
  [36m/>[31m

  --------------------------------------------------
  option:

  Name "Select":
  [36m<option[31m
    [33mvalue[31m=[32m""[31m
  [36m/>[31m

  Name "Male":
  [36m<option[31m
    [33mvalue[31m=[32m"male"[31m
  [36m/>[31m

  Name "Female":
  [36m<option[31m
    [33mvalue[31m=[32m"female"[31m
  [36m/>[31m

  Name "Other":
  [36m<option[31m
    [33mvalue[31m=[32m"other"[31m
  [36m/>[31m

  Name "in / lbs":
  [36m<option[31m
    [33mvalue[31m=[32m"imperial"[31m
  [36m/>[31m

  Name "cm / kg":
  [36m<option[31m
    [33mvalue[31m=[32m"metric"[31m
  [36m/>[31m

  --------------------------------------------------
  list:

  Name "":
  [36m<ul[31m
    [33mclass[31m=[32m"space-y-4"[31m
  [36m/>[31m

  --------------------------------------------------
  listitem:

  Name "":
  [36m<li[31m
    [33mclass[31m=[32m"flex items-start gap-3"[31m
  [36m/>[31m

  Name "":
  [36m<li[31m
    [33mclass[31m=[32m"flex items-start gap-3"[31m
  [36m/>[31m

  Name "":
  [36m<li[31m
    [33mclass[31m=[32m"flex items-start gap-3"[31m
  [36m/>[31m

  --------------------------------------------------

Ignored nodes: comments, script, style
[36m<body>[31m
  [36m<div>[31m
    [36m<div[31m
      [33mclass[31m=[32m"relative min-h-screen w-full overflow-hidden bg-fn-bg"[31m
    [36m>[31m
      [36m<div[31m
        [33mclass[31m=[32m"absolute inset-0 z-0"[31m
      [36m>[31m
        [36m<img[31m
          [33malt[31m=[32m"Onboarding Background"[31m
          [33mclass[31m=[32m"object-cover opacity-20 grayscale transition-all duration-1000"[31m
          [33mdata-nimg[31m=[32m"fill"[31m
          [33mdecoding[31m=[32m"async"[31m
          [33mfetchpriority[31m=[32m"high"[31m
          [33msizes[31m=[32m"100vw"[31m
          [33msrc[31m=[32m"/_next/image?url=%2Fimages%2Frefined%2Fathletic_female_stretching.png&w=3840&q=75"[31m
          [33msrcset[31m=[32m"/_next/image?url=%2Fimages%2Frefined%2Fathletic_female_stretching.png&w=640&q=75 640w, /_next/image?url=%2Fimages%2Frefined%2Fathletic_female_stretching.png&w=750&q=75 750w, /_next/image?url=%2Fimages%2Frefined%2Fathletic_female_stretching.png&w=828&q=75 828w, /_next/image?url=%2Fimages%2Frefined%2Fathletic_female_stretching.png&w=1080&q=75 1080w, /_next/image?url=%2Fimages%2Frefined%2Fathletic_female_stretching.png&w=1200&q=75 1200w, /_next/image?url=%2Fimages%2Frefined%2Fathletic_female_stretching.png&w=1920&q=75 1920w, /_next/image?url=%2Fimages%2Frefined%2Fathletic_female_stretching.png&w=2048&q=75 2048w, /_next/image?url=%2Fimages%2Frefined%2Fathletic_female_stretching.png&w=3840&q=75 3840w"[31m
          [33mstyle[31m=[32m"position: absolute; height: 100%; width: 100%; left: 0px; top: 0px; right: 0px; bottom: 0px; color: transparent;"[31m
        [36m/>[31m
        [36m<div[31m
          [33mclass[31m=[32m"absolute inset-0 bg-gradient-to-br from-fn-bg via-fn-bg/80 to-transparent"[31m
        [36m/>[31m
      [36m</div>[31m
      [36m<div[31m
        [33mclass[31m=[32m"relative z-10 mx-auto w-full max-w-shell px-4 py-8 sm:px-6"[31m
      [36m>[31m
        [36m<div[31m
          [33mclass[31m=[32m"grid gap-6 lg:grid-cols-[1fr_320px]"[31m
        [36m>[31m
          [36m<div[31m
            [33mclass[31m=[32m"group relative overflow-hidden rounded-xl3 border transition-all duration-500 border-white/[0.08] bg-fn-surface/40 backdrop-blur-md shadow-fn-card hover:border-white/20 hover:bg-fn-surface/60 p-8 bg-fn-surface/60 backdrop-blur-xl border-white/10"[31m
          [36m>[31m
            [36m<div[31m
              [33mclass[31m=[32m"absolute inset-x-0 top-0 h-px bg-gradient-to-r from-transparent via-white/10 to-transparent opacity-50"[31m
            [36m/>[31m
            [36m<div[31m
              [33mclass[31m=[32m"absolute inset-0 translate-x-[-100%] bg-gradient-to-r from-transparent via-white/[0.02] to-transparent transition-transform duration-1000 group-hover:translate-x-[100%]"[31m
            [36m/>[31m
            [36m<div[31m
              [33mclass[31m=[32m"relative z-10"[31m
            [36m>[31m
              [36m<header[31m
                [33mclass[31m=[32m"mb-6"[31m
              [36m>[31m
                [36m<p[31m
                  [33mclass[31m=[32m"text-xs font-semibold uppercase tracking-[0.14em] text-fn-muted"[31m
                [36m>[31m
                  [0mOnboarding[0m
                [36m</p>[31m
                [36m<h1[31m
                  [33mclass[31m=[32m"mt-2 font-display text-4xl text-fn-ink"[31m
                [36m>[31m
                  [0mSet up your profile[0m
                [36m</h1>[31m
                [36m<p[31m
                  [33mclass[31m=[32m"mt-2 text-fn-muted"[31m
                [36m>[31m
                  [0mThis takes about two minutes and helps tailor workouts, nutrition, and safety adjustments.[0m
                [36m</p>[31m
              [36m</header>[31m
              [36m<div[31m
                [33maria-label[31m=[32m"Onboarding progress"[31m
                [33maria-valuemax[31m=[32m"7"[31m
                [33maria-valuemin[31m=[32m"1"[31m
                [33maria-valuenow[31m=[32m"1"[31m
                [33mclass[31m=[32m"mb-6"[31m
                [33mrole[31m=[32m"progressbar"[31m
              [36m>[31m
                [36m<div[31m
                  [33mclass[31m=[32m"flex items-center gap-2"[31m
                [36m>[31m
                  [36m<button[31m
                    [33maria-current[31m=[32m"step"[31m
                    [33mclass[31m=[32m"h-2 flex-1 rounded-full transition-colors focus:outline-none focus:ring-2 focus:ring-fn-primary/30 bg-fn-primary shadow-[0_0_10px_rgba(51,92,255,0.4)]"[31m
                    [33mtype[31m=[32m"button"[31m
                  [36m/>[31m
                  [36m<button[31m
                    [33mclass[31m=[32m"h-2 flex-1 rounded-full transition-colors focus:outline-none focus:ring-2 focus:ring-fn-primary/30 bg-fn-bg-alt"[31m
                    [33mtype[31m=[32m"button"[31m
                  [36m/>[31m
                  [36m<button[31m
                    [33mclass[31m=[32m"h-2 flex-1 rounded-full transition-colors focus:outline-none focus:ring-2 focus:ring-fn-primary/30 bg-fn-bg-alt"[31m
                    [33mtype[31m=[32m"button"[31m
                  [36m/>[31m
                  [36m<button[31m
                    [33mclass[31m=[32m"h-2 flex-1 rounded-full transition-colors focus:outline-none focus:ring-2 focus:ring-fn-primary/30 bg-fn-bg-alt"[31m
                    [33mtype[31m=[32m"button"[31m
                  [36m/>[31m
                  [36m<button[31m
                    [33mclass[31m=[32m"h-2 flex-1 rounded-full transition-colors focus:outline-none focus:ring-2 focus:ring-fn-primary/30 bg-fn-bg-alt"[31m
                    [33mtype[31m=[32m"button"[31m
                  [36m/>[31m
                  [36m<button[31m
                    [33mclass[31m=[32m"h-2 flex-1 rounded-full transition-colors focus:outline-none focus:ring-2 focus:ring-fn-primary/30 bg-fn-bg-alt"[31m
                    [33mtype[31m=[32m"button"[31m
                  [36m/>[31m
                  [36m<button[31m
                    [33mclass[31m=[32m"h-2 flex-1 rounded-full transition-colors focus:outline-none focus:ring-2 focus:ring-fn-primary/30 bg-fn-bg-alt"[31m
                    [33mtype[31m=[32m"button"[31m
                  [36m/>[31m
                  [36m<div[31m
                    [33mclass[31m=[32m"flex shrink-0 items-center justify-center h-8 w-8 rounded-full border-2 transition-colors border-fn-border bg-fn-surface text-fn-muted"[31m
                  [36m>[31m
                    [36m<svg[31m
                      [33mclass[31m=[32m"w-4 h-4"[31m
                      [33mfill[31m=[32m"none"[31m
                      [33mstroke[31m=[32m"currentColor"[31m
                      [33mviewBox[31m=[32m"0 0 24 24"[31m
                    [36m>[31m
        ...[39m
 [31m×[39m app/start/page.test.tsx[2m > [22mStart assessment page[2m > [22mstores draft and redirects to auth on completion[32m 257[2mms[22m[39m
[31m   → Unable to find an accessible element with the role "button" and name `/Initialize Next Step/i`

Here are the accessible roles:

  paragraph:

  Name "":
  [36m<p[31m
    [33mclass[31m=[32m"text-xs font-semibold uppercase tracking-[0.14em] text-fn-muted"[31m
  [36m/>[31m

  Name "":
  [36m<p[31m
    [33mclass[31m=[32m"mt-2 text-sm text-fn-muted font-mono"[31m
  [36m/>[31m

  Name "":
  [36m<p[31m
    [33mclass[31m=[32m"mt-6 text-[9px] font-mono text-fn-muted/50 uppercase tracking-[0.2em] text-center"[31m
  [36m/>[31m

  Name "":
  [36m<p[31m
    [33mclass[31m=[32m"mt-2 text-[11px] font-black uppercase tracking-[0.3em] text-fn-muted"[31m
  [36m/>[31m

  Name "":
  [36m<p[31m
    [33mclass[31m=[32m"text-[10px] font-black uppercase tracking-widest text-fn-accent mb-2"[31m
  [36m/>[31m

  Name "":
  [36m<p[31m
    [33mclass[31m=[32m"text-[10px] text-fn-muted leading-relaxed"[31m
  [36m/>[31m

  --------------------------------------------------
  heading:

  Name "Build Your Legend":
  [36m<h1[31m
    [33mclass[31m=[32m"mt-3 font-display text-3xl text-fn-ink sm:text-4xl italic uppercase font-black tracking-tighter"[31m
  [36m/>[31m

  Name "What is your primary goal right now?":
  [36m<h2[31m
    [33mclass[31m=[32m"text-xl font-semibold text-fn-ink uppercase tracking-tight italic"[31m
  [36m/>[31m

  Name "Your choices so far":
  [36m<h2[31m
    [33mclass[31m=[32m"font-display text-2xl font-black text-white italic uppercase tracking-tighter leading-none"[31m
  [36m/>[31m

  --------------------------------------------------
  button:

  Name "Weight lossThis choice helps Koda shape your first plan.":
  [36m<button[31m
    [33mclass[31m=[32m"min-h-[80px] rounded-xl border px-4 py-3 text-left transition-all duration-300 border-fn-accent bg-fn-accent/10 text-white shadow-[0_0_15px_rgba(10,217,196,0.1)] scale-[1.02]"[31m
    [33mtype[31m=[32m"button"[31m
  [36m/>[31m

  Name "Muscle gainThis choice helps Koda shape your first plan.":
  [36m<button[31m
    [33mclass[31m=[32m"min-h-[80px] rounded-xl border px-4 py-3 text-left transition-all duration-300 border-fn-border bg-white text-fn-ink hover:border-fn-accent/40"[31m
    [33mtype[31m=[32m"button"[31m
  [36m/>[31m

  Name "MobilityThis choice helps Koda shape your first plan.":
  [36m<button[31m
    [33mclass[31m=[32m"min-h-[80px] rounded-xl border px-4 py-3 text-left transition-all duration-300 border-fn-border bg-white text-fn-ink hover:border-fn-accent/40"[31m
    [33mtype[31m=[32m"button"[31m
  [36m/>[31m

  Name "General fitnessThis choice helps Koda shape your first plan.":
  [36m<button[31m
    [33mclass[31m=[32m"min-h-[80px] rounded-xl border px-4 py-3 text-left transition-all duration-300 border-fn-border bg-white text-fn-ink hover:border-fn-accent/40"[31m
    [33mtype[31m=[32m"button"[31m
  [36m/>[31m

  Name "Back":
  [36m<button[31m
    [33mclass[31m=[32m"inline-flex items-center justify-center rounded-xl transition-all duration-300 active:scale-95 focus:outline-none focus:ring-2 focus:ring-offset-2 focus:ring-offset-fn-bg text-fn-muted hover:bg-white/5 hover:text-white focus:ring-fn-primary/20 h-touch-lg px-8 py-4 text-[11px] tracking-[0.25em] font-black"[31m
    [33mdisabled[31m=[32m""[31m
    [33mtype[31m=[32m"button"[31m
  [36m/>[31m

  Name "Next":
  [36m<button[31m
    [33mclass[31m=[32m"inline-flex items-center justify-center rounded-xl transition-all duration-300 active:scale-95 focus:outline-none focus:ring-2 focus:ring-offset-2 focus:ring-offset-fn-bg bg-fn-primary text-black shadow-fn-btn hover:bg-white hover:scale-[1.02] focus:ring-fn-primary/40 disabled:opacity-50 h-touch-lg px-8 py-4 text-[11px] tracking-[0.25em] font-black"[31m
    [33mtype[31m=[32m"button"[31m
  [36m/>[31m

  --------------------------------------------------
  term:

  Name "":
  [36m<dt[31m
    [33mclass[31m=[32m"font-black uppercase tracking-widest text-fn-muted mb-1"[31m
  [36m/>[31m

  Name "":
  [36m<dt[31m
    [33mclass[31m=[32m"font-black uppercase tracking-widest text-fn-muted mb-1"[31m
  [36m/>[31m

  Name "":
  [36m<dt[31m
    [33mclass[31m=[32m"font-black uppercase tracking-widest text-fn-muted mb-1"[31m
  [36m/>[31m

  Name "":
  [36m<dt[31m
    [33mclass[31m=[32m"font-black uppercase tracking-widest text-fn-muted mb-1"[31m
  [36m/>[31m

  Name "":
  [36m<dt[31m
    [33mclass[31m=[32m"font-black uppercase tracking-widest text-fn-muted mb-1"[31m
  [36m/>[31m

  --------------------------------------------------
  definition:

  Name "":
  [36m<dd[31m
    [33mclass[31m=[32m"font-bold text-white uppercase italic"[31m
  [36m/>[31m

  Name "":
  [36m<dd[31m
    [33mclass[31m=[32m"font-bold text-white uppercase italic"[31m
  [36m/>[31m

  Name "":
  [36m<dd[31m
    [33mclass[31m=[32m"font-bold text-white uppercase italic"[31m
  [36m/>[31m

  Name "":
  [36m<dd[31m
    [33mclass[31m=[32m"font-bold text-white uppercase italic"[31m
  [36m/>[31m

  Name "":
  [36m<dd[31m
    [33mclass[31m=[32m"font-bold text-white uppercase italic"[31m
  [36m/>[31m

  --------------------------------------------------

Ignored nodes: comments, script, style
[36m<body>[31m
  [36m<div>[31m
    [36m<div[31m
      [33mclass[31m=[32m"mx-auto w-full max-w-shell px-4 py-8 sm:px-6"[31m
    [36m>[31m
      [36m<div[31m
        [33mclass[31m=[32m"grid gap-6 lg:grid-cols-[1fr_320px]"[31m
      [36m>[31m
        [36m<div[31m
          [33mclass[31m=[32m"group relative overflow-hidden rounded-xl3 border transition-all duration-500 border-white/[0.08] bg-fn-surface/40 backdrop-blur-md shadow-fn-card hover:border-white/20 hover:bg-fn-surface/60 p-8 rise-reveal"[31m
        [36m>[31m
          [36m<div[31m
            [33mclass[31m=[32m"absolute inset-x-0 top-0 h-px bg-gradient-to-r from-transparent via-white/10 to-transparent opacity-50"[31m
          [36m/>[31m
          [36m<div[31m
            [33mclass[31m=[32m"absolute inset-0 translate-x-[-100%] bg-gradient-to-r from-transparent via-white/[0.02] to-transparent transition-transform duration-1000 group-hover:translate-x-[100%]"[31m
          [36m/>[31m
          [36m<div[31m
            [33mclass[31m=[32m"relative z-10"[31m
          [36m>[31m
            [36m<div[31m
              [33mclass[31m=[32m"mb-5"[31m
            [36m>[31m
              [36m<p[31m
                [33mclass[31m=[32m"text-xs font-semibold uppercase tracking-[0.14em] text-fn-muted"[31m
              [36m>[31m
                [0mQuick assessment[0m
              [36m</p>[31m
              [36m<h1[31m
                [33mclass[31m=[32m"mt-3 font-display text-3xl text-fn-ink sm:text-4xl italic uppercase font-black tracking-tighter"[31m
              [36m>[31m
                [0mBuild Your Legend[0m
              [36m</h1>[31m
              [36m<div[31m
                [33mclass[31m=[32m"mt-4 h-2 w-full overflow-hidden rounded-full bg-fn-bg-alt"[31m
              [36m>[31m
                [36m<div[31m
                  [33mclass[31m=[32m"h-full rounded-full bg-fn-accent shadow-[0_0_10px_rgba(10,217,196,0.5)] transition-all"[31m
                  [33mstyle[31m=[32m"width: 14.285714285714285%;"[31m
                [36m/>[31m
              [36m</div>[31m
              [36m<p[31m
                [33mclass[31m=[32m"mt-2 text-sm text-fn-muted font-mono"[31m
              [36m>[31m
                [0mStep 0[0m
                [0m1[0m
                [0m / 0[0m
                [0m7[0m
              [36m</p>[31m
            [36m</div>[31m
            [36m<h2[31m
              [33mclass[31m=[32m"text-xl font-semibold text-fn-ink uppercase tracking-tight italic"[31m
            [36m>[31m
              [0mWhat is your primary goal right now?[0m
            [36m</h2>[31m
            [36m<div[31m
              [33mclass[31m=[32m"mt-4 grid gap-3 sm:grid-cols-2"[31m
            [36m>[31m
              [36m<button[31m
                [33mclass[31m=[32m"min-h-[80px] rounded-xl border px-4 py-3 text-left transition-all duration-300 border-fn-accent bg-fn-accent/10 text-white shadow-[0_0_15px_rgba(10,217,196,0.1)] scale-[1.02]"[31m
                [33mtype[31m=[32m"button"[31m
              [36m>[31m
                [36m<span[31m
                  [33mclass[31m=[32m"block text-xs font-black uppercase tracking-widest text-fn-accent"[31m
                [36m>[31m
                  [0mWeight loss[0m
                [36m</span>[31m
                [36m<span[31m
                  [33mclass[31m=[32m"mt-1 block text-[10px] font-medium text-fn-muted"[31m
                [36m>[31m
                  [0mThis choice helps Koda shape your first plan.[0m
                [36m</span>[31m
              [36m</button>[31m
              [36m<button[31m
                [33mclass[31m=[32m"min-h-[80px] rounded-xl border px-4 py-3 text-left transition-all duration-300 border-fn-border bg-white text-fn-ink hover:border-fn-accent/40"[31m
                [33mtype[31m=[32m"button"[31m
              [36m>[31m
                [36m<span[31m
                  [33mclass[31m=[32m"block text-xs font-black uppercase tracking-widest text-fn-muted"[31m
                [36m>[31m
                  [0mMuscle gain[0m
                [36m</span>[31m
                [36m<span[31m
                  [33mclass[31m=[32m"mt-1 block text-[10px] font-medium text-fn-muted"[31m
                [36m>[31m
                  [0mThis choice helps Koda shape your first plan.[0m
                [36m</span>[31m
              [36m</button>[31m
              [36m<button[31m
                [33mclass[31m=[32m"min-h-[80px] rounded-xl border px-4 py-3 text-left transition-all duration-300 border-fn-border bg-white text-fn-ink hover:border-fn-accent/40"[31m
                [33mtype[31m=[32m"button"[31m
              [36m>[31m
                [36m<span[31m
                  [33mclass[31m=[32m"block text-xs font-black uppercase tracking-widest text-fn-muted"[31m
                [36m>[31m
                  [0mMobility[0m
                [36m</span>[31m
                [36m<span[31m
                  [33mclass[31m=[32m"mt-1 block text-[10px] font-medium text-fn-muted"[31m
                [36m>[31m
                  [0mThis choice helps Koda shape your first plan.[0m
                [36m</span>[31m
              [36m</button>[31m
              [36m<button[31m
                [33mclass[31m=[32m"min-h-[80px] rounded-xl border px-4 py-3 text-left transition-all duration-300 border-fn-border bg-white text-fn-ink hover:border-fn-accent/40"[31m
                [33mtype[31m=[32m"button"[31m
              [36m>[31m
                [36m<span[31m
                  [33mclass[31m=[32m"block text-xs font-black uppercase tracking-widest text-fn-muted"[31m
                [36m>[31m
                  [0mGeneral fitness[0m
                [36m</span>[31m
                [36m<span[31m
                  [33mclass[31m=[32m"mt-1 block text-[10px] font-medium text-fn-muted"[31m
                [36m>[31m
                  [0mThis choice helps Koda shape your first plan.[0m
                [36m</span>[31m
              [36m</button>[31m
            [36m</div>[31m
            [36m<div[31m
              [33mclass[31m=[32m"mt-10 flex items-center justify-between gap-3 pt-6 border-t border-fn-border"[31m
            [36m>[31m
              [36m<button[31m
                [33mclass[31m=[32m"inline-flex items-center justify-center rounded-xl transition-all duration-300 active:scale-95 focus:outline-none focus:ring-2 focus:ring-offset-2 focus:ring-offset-fn-bg text-fn-muted hover:bg-white/5 hover:text-white focus:ring-fn-primary/20 h-touch-lg px-8 py-4 text-[11px] tracking-[0.25em] font-black"[31m
                [33mdisabled[31m=[32m""[31m
                [33mtype[31m=[32m"button"[31m
              [36m>[31m
                [36m<span[31m
                  [33mclass[31m=[32m"text-[10px] font-black uppercase tracking-widest"[31m
                [36m>[31m
                  [0mBack[0m
                [36m</span>[31m
              [36m</button>[31m
              [36m<button[31m
                [33mclass[31m=[32m"inline-flex items-center justify-center rounded-xl transition-all duration-300 active:scale-95 focus:outline-none focus:ring-2 focus:ring-offset-2 focus:ring-offset-fn-bg bg-fn-primary text-black shadow-fn-btn hover:bg-white hover:scale-[1.02] focus:ring-fn-primary/40 disabled:opacity-50 h-touch-lg px-8 py-4 text-[11px] tracking-[0.25em] font-black"[31m
                [33mtype[31m=[32m"button"[31m
              [36m>[31m
                [36m<span[31m
                  [33mclass[31m=[32m"text-[10px] font-black uppercase tracking-widest"[31m
                [36m>[31m
                  [0mNext[0m
                [36m</span>[31m
              [36m</button>[31m
            [36m</div>[31m
            [36m<p[31m
              [33mclass[31m=[32m"mt-6 text-[9px] font-mono text-fn-muted/50 uppercase tracking-[0.2em] text-center"[31m
            [36m>[31m
              [0mPersonalized coaching preview[0m
            [36m</p>[31m
          [36m</div>[31m
        [36m</div>[31m
        [36m<div[31m
          [33mclass[31m=[32m"group relative overflow-hidden rounded-xl3 border transition-all duration-500 border-white/[0.08] bg-fn-surface/40 backdrop-blur-md shadow-fn-card hover:border-white/20 hover:bg-fn-surface/60 p-8 rise-reveal rise-reveal-delay-1 lg:sticky lg:top-8 lg:h-fit border-fn-accent/10 bg-fn-accent/[0.02]"[31m
        [36m>[31m
          [36m<div[31m
            [33mclass[31m=[32m"absolute inset-x-0 top-0 h-px bg-gradient-to-r from-transparent via-white/10 to-transparent opacity-50"[31m
          [36m/>[31m
          [36m<div[31m
            [33mclass[31m=[32m"absolute inset-0 translate-x-[-100%] bg-gradient-to-r from-transparent via-white/[0.02] to-transparent transition-transform duration-1000 group-hover:translate-x-[100%]"[31m
          [36m/>[31m
          [36m<div[31m
            [33mclass[31m=[32m"relative z-10"[31m
          [36m>[31m
            [36m<div[31m
              [33mclass[31m=[32m"mb-6"[31m
            [36m>[31m
              [36m<h2[31m
                [33mclass[31m=[32m"font-display text-2xl font-black text-white italic uppercase tracking-tighter leading-none"[31m
              [36m>[31m
                [0mYour choices so far[0m
              [36m</h2>[31m
              [36m<p[31m
                [33mclass[31m=[32m"mt-2 text-[11px] font-black uppercase tracking-[0.3em] text-fn-muted"[31m
              [36m>[31m
                [0mThese answers shape your first plan[0m
              [36m</p>[31m
            [36m</div>[31m
            [36m<dl[31m
              [33mclass[31m=[32m"mt-4 space-y-4 text-[11px]"[31m
            [36m>[31m
              [36m<div>[31m
                [36m<dt[31m
                  [33mclass[31m=[32m"font-black uppercase tracking-widest text-fn-muted mb-1"[31m
                [36m>[31m
                  [0mTarget Goal[0m
                [36m</dt>[31m
                [36m<dd[31m
                  [33mclass[31m=[32m"font-bold text-white uppercase italic"[31m
                [36m>[31m
                  [0mWeight loss[0m
                [36m</dd>[31m
              [36m</div>[31m
              [36m<div>[31m
                [36m<dt[31m
                  [33mclass[31m=[32m"font-black uppercase tracking-widest text-fn-muted mb-1"[31m
                [36m>[31m
                  [0mExperience Level[0m
                [36m</dt>[31m
                [36m<dd[31m
                  [33mclass[31m=[32m"font-bold text-white uppercase italic"[31m
                [36m>[31m
                  [0mBeginner[0m
                [36m</dd>[31m
              [36m</div>[31m
              [36m<div>[31m
                [36m<dt[31m
                  [33mclass[31m=[32m"font-black uppercase tracking-widest text-fn-muted mb-1"[31m
                [36m>[31m
                  [0mFrequency[0m
                [36m</dt>[31m
                [36m<dd[31m
                  [33mclass[31m=[32m"font-bold text-white uppercase italic"[31m
                [36m>[31m
                  [0m3 days[0m
                [36m</dd>[31m
              [36m</div>[31m
              [36m<div>[31m
                [36m<dt[31m
                  [33mclass[31m=[32m"font-black uppercase tracking-widest text-fn-muted mb-1"[31m
                [36m>[31m
                  [0mEnvironment[0m
                [36m</dt>[31m
                [36m<dd[31m
                  [33mclass[31m=[32m"font-bold text-white uppercase italic"[31m
                [36m>[31m
                  [0mGym[0m
                [36m</dd>[31m
              [36m</div>[31m
              [36m<div>[31m
                [36m<dt[31m
                  [33mclass[31m=[32m"font-black uppercase tracking-widest text-fn-muted mb-1"[31m
                [36m>[31m
                  [0mNutrition Focus[0m
                [36m</dt>[31m
                [36m<dd[31m
                  [33mclass[31m=[32m"font-bold text-white uppercase italic"[31m
                [36m>[31m
                  [0mCalorie control[0m
                [36m</dd>[31m
              [36m</div>[31m
            [36m</dl>[31m
            [36m<div[31m
              [33mclass[31m=[32m"mt-8 rounded-xl bg-fn-accent/10 p-4 border border-fn-accent/20"[31m
            [36m>[31m
              [36m<p[31m
                [33mclass[31m=[32m"text-[10px] font-black uppercase tracking-widest text-fn-accent mb-2"[31m
              [36m>[31m
                [0mWhy this makes sense[0m
              [36m</p>[31m
              [36m<p[31m
                [33mclass[31m=[32m"text-[10px] text-fn-muted leading-relaxed"[31m
              [36m>[31m
                [0mBased on your [0m
                [0mbeginner[0m
                [0m experience level, we are shaping a [0m
                [0mweight loss[0m
                [0m plan for [0m
                [0mgym[0m
                [0m training [0m
                [0m3 days[0m
                [0m.[0m
              [36m</p>[31m
            [36m</div>[31m
          [36m</div>[31m
        [36m</div>[31m
      [36m</div>[31m
    [36m</div>[31m
  [36m</div>[31m
[36m</body>[31m[39m
 [31m×[39m lib/ai/assemble-context.test.ts[2m > [22massembleContext[2m > [22mreturns system prompt including base coach persona[32m 13[2mms[22m[39m
[31m   → OPENROUTER_API_KEY is not set.[39m
 [31m×[39m lib/ai/assemble-context.test.ts[2m > [22massembleContext[2m > [22mincludes user profile when present[32m 1[2mms[22m[39m
[31m   → OPENROUTER_API_KEY is not set.[39m
 [32m✓[39m app/settings/page.test.tsx[2m > [22mSettings page[2m > [22mnormalizes phone number before saving profile[33m 387[2mms[22m[39m
 [32m✓[39m app/settings/page.test.tsx[2m > [22mSettings page[2m > [22mshows validation error and skips save on invalid phone number[32m 272[2mms[22m[39m
 [32m✓[39m app/auth/page.test.tsx[2m > [22mAuth page[2m > [22mrenders both Google and magic-link auth methods[32m 152[2mms[22m[39m
 [32m✓[39m app/auth/page.test.tsx[2m > [22mAuth page[2m > [22mshows plain-language error when auth client is unavailable[32m 48[2mms[22m[39m
 [32m✓[39m app/history/page.test.tsx[2m > [22mHistory page[2m > [22minitializes the nutrition tab from the query string[32m 139[2mms[22m[39m
[90mstderr[2m | lib/jobs/daily-checkin.test.ts[2m > [22m[2mDaily Briefing Cron Job[2m > [22m[2mexits early if missing Twilio credentials
[22m[39mMissing Twilio credentials

[90mstdout[2m | lib/jobs/daily-checkin.test.ts[2m > [22m[2mDaily Briefing Cron Job[2m > [22m[2mfetches pro users and sends SMS briefings
[22m[39mSent briefing to +111

 [32m✓[39m lib/jobs/daily-checkin.test.ts[2m > [22mDaily Briefing Cron Job[2m > [22mexits early if missing Twilio credentials[32m 1[2mms[22m[39m
 [32m✓[39m lib/jobs/daily-checkin.test.ts[2m > [22mDaily Briefing Cron Job[2m > [22mfetches pro users and sends SMS briefings[32m 12[2mms[22m[39m
 [32m✓[39m app/api/v1/progression/recompute/route.test.ts[2m > [22mPOST /api/v1/progression/recompute[2m > [22mrequires auth[32m 2[2mms[22m[39m
 [32m✓[39m app/api/v1/progression/recompute/route.test.ts[2m > [22mPOST /api/v1/progression/recompute[2m > [22mreturns recomputed snapshots[32m 1[2mms[22m[39m
[90mstdout[2m | app/api/v1/spotify/token/route.test.ts[2m > [22m[2mGET /api/v1/spotify/token[2m > [22m[2mreturns token from user_metadata if present
[22m[39m[SpotifyToken] Found token in user_metadata for user user-123

[90mstdout[2m | app/api/v1/spotify/token/route.test.ts[2m > [22m[2mGET /api/v1/spotify/token[2m > [22m[2mreturns token from connected_accounts if not in metadata
[22m[39m[SpotifyToken] Found token in connected_accounts for user user-123

[90mstdout[2m | app/api/v1/spotify/token/route.test.ts[2m > [22m[2mGET /api/v1/spotify/token[2m > [22m[2mreturns connected: false if token is missing in both
[22m[39m[SpotifyToken] No Spotify connection found for user user-123

[90mstderr[2m | app/api/v1/spotify/token/route.test.ts[2m > [22m[2mGET /api/v1/spotify/token[2m > [22m[2mreturns 500 if database lookup fails
[22m[39m[SpotifyToken] Error looking up connected_accounts for user user-123: Error: DB Error
    at [90m/Users/blakeaycock/code/fitnessAI/[39mapp/api/v1/spotify/token/route.test.ts:81:60
    at [90mfile:///Users/blakeaycock/code/fitnessAI/[39mnode_modules/[4m@vitest/runner[24m/dist/index.js:145:11
    at [90mfile:///Users/blakeaycock/code/fitnessAI/[39mnode_modules/[4m@vitest/runner[24m/dist/index.js:915:26
    at [90mfile:///Users/blakeaycock/code/fitnessAI/[39mnode_modules/[4m@vitest/runner[24m/dist/index.js:1243:20
    at new Promise (<anonymous>)
    at runWithTimeout [90m(file:///Users/blakeaycock/code/fitnessAI/[39mnode_modules/[4m@vitest/runner[24m/dist/index.js:1209:10[90m)[39m
    at [90mfile:///Users/blakeaycock/code/fitnessAI/[39mnode_modules/[4m@vitest/runner[24m/dist/index.js:1653:37
    at Traces.$ [90m(file:///Users/blakeaycock/code/fitnessAI/[39mnode_modules/[4mvitest[24m/dist/chunks/traces.CCmnQaNT.js:142:27[90m)[39m
    at trace [90m(file:///Users/blakeaycock/code/fitnessAI/[39mnode_modules/[4mvitest[24m/dist/chunks/test.B8ej_ZHS.js:239:21[90m)[39m
    at runTest [90m(file:///Users/blakeaycock/code/fitnessAI/[39mnode_modules/[4m@vitest/runner[24m/dist/index.js:1653:12[90m)[39m

 [32m✓[39m app/api/v1/spotify/token/route.test.ts[2m > [22mGET /api/v1/spotify/token[2m > [22mreturns 401 if user is not authenticated[32m 2[2mms[22m[39m
 [32m✓[39m app/api/v1/spotify/token/route.test.ts[2m > [22mGET /api/v1/spotify/token[2m > [22mreturns token from user_metadata if present[32m 1[2mms[22m[39m
 [32m✓[39m app/api/v1/spotify/token/route.test.ts[2m > [22mGET /api/v1/spotify/token[2m > [22mreturns token from connected_accounts if not in metadata[32m 0[2mms[22m[39m
 [32m✓[39m app/api/v1/spotify/token/route.test.ts[2m > [22mGET /api/v1/spotify/token[2m > [22mreturns connected: false if token is missing in both[32m 0[2mms[22m[39m
 [32m✓[39m app/api/v1/spotify/token/route.test.ts[2m > [22mGET /api/v1/spotify/token[2m > [22mreturns 500 if database lookup fails[32m 3[2mms[22m[39m
[90mstderr[2m | app/api/v1/ai/body-comp/route.test.ts[2m > [22m[2mPOST /api/v1/ai/body-comp[2m > [22m[2mreturns 500 when AI model returns invalid JSON
[22m[39mFailed to parse Body Comp JSON response: I'm sorry, I cannot process this image.

 [32m✓[39m app/api/v1/ai/body-comp/route.test.ts[2m > [22mPOST /api/v1/ai/body-comp[2m > [22mreturns 401 when user is not authenticated[32m 3[2mms[22m[39m
 [32m✓[39m app/api/v1/ai/body-comp/route.test.ts[2m > [22mPOST /api/v1/ai/body-comp[2m > [22mreturns 400 when no image is provided[32m 1[2mms[22m[39m
 [32m✓[39m app/api/v1/ai/body-comp/route.test.ts[2m > [22mPOST /api/v1/ai/body-comp[2m > [22mreturns 500 when AI model returns invalid JSON[32m 1[2mms[22m[39m
 [32m✓[39m app/api/v1/ai/body-comp/route.test.ts[2m > [22mPOST /api/v1/ai/body-comp[2m > [22mprocesses valid image, returns JSON, and inserts into progress_tracking[32m 1[2mms[22m[39m
 [32m✓[39m app/api/v1/ai/body-comp/route.test.ts[2m > [22mPOST /api/v1/ai/body-comp[2m > [22mupdates existing record if user already checked in today[32m 1[2mms[22m[39m
 [32m✓[39m lib/apple-health/import.test.ts[2m > [22mparseAppleHealthExport[2m > [22mextracts weight, sleep, and steps from Apple Health XML[32m 7[2mms[22m[39m
 [32m✓[39m lib/sit/readiness.test.ts[2m > [22mreadiness policy[2m > [22mderives a red pathway for stacked fatigue and pain signals[32m 13[2mms[22m[39m
 [32m✓[39m lib/analytics/progression.test.ts[2m > [22mbuildProgressionAnalytics[2m > [22mbuilds metric and trend structures[32m 11[2mms[22m[39m
 [32m✓[39m app/api/v1/jobs/sit/backtest/route.test.ts[2m > [22mPOST /api/v1/jobs/sit/backtest[2m > [22mblocks unauthorized calls when cron secret is set[32m 4[2mms[22m[39m
 [32m✓[39m app/api/v1/jobs/sit/backtest/route.test.ts[2m > [22mPOST /api/v1/jobs/sit/backtest[2m > [22mreturns summary for authorized calls[32m 2[2mms[22m[39m
 [32m✓[39m app/api/v1/integrations/oura/connect/route.test.ts[2m > [22mGET /api/v1/integrations/oura/connect[2m > [22mreturns 401 for anonymous users[32m 6[2mms[22m[39m
 [32m✓[39m app/api/v1/integrations/oura/connect/route.test.ts[2m > [22mGET /api/v1/integrations/oura/connect[2m > [22mreturns connect_url and stores oauth state[32m 6[2mms[22m[39m
 [32m✓[39m lib/jobs/integrations-reconcile.test.ts[2m > [22mrunIntegrationsReconciliation[2m > [22mreplays pending payloads and records success/failure counts[32m 7[2mms[22m[39m
 [32m✓[39m app/api/v1/twilio/inbound/route.test.ts[2m > [22mPOST /api/v1/twilio/inbound[2m > [22mhandles missing body or sender gracefully[32m 10[2mms[22m[39m
 [32m✓[39m app/api/v1/twilio/inbound/route.test.ts[2m > [22mPOST /api/v1/twilio/inbound[2m > [22mreturns error message if phone number is not found[32m 1[2mms[22m[39m
 [32m✓[39m app/api/v1/twilio/inbound/route.test.ts[2m > [22mPOST /api/v1/twilio/inbound[2m > [22mprocesses inbound text and replies via AI model[32m 10[2mms[22m[39m
 [32m✓[39m app/api/v1/plan/daily/route.test.ts[2m > [22mPOST /api/v1/plan/daily[2m > [22mreturns 401 when unauthenticated[32m 6[2mms[22m[39m
 [32m✓[39m app/api/v1/plan/daily/route.test.ts[2m > [22mPOST /api/v1/plan/daily[2m > [22mreturns plan payload for authenticated user[32m 3[2mms[22m[39m
 [32m✓[39m app/api/v1/plan/daily/route.test.ts[2m > [22mPOST /api/v1/plan/daily[2m > [22mblocks unsafe plans even when flags are not explicitly enforcing[32m 1[2mms[22m[39m
 [32m✓[39m app/api/v1/coach/nudges/[nudgeId]/ack/route.test.ts[2m > [22mPOST /api/v1/coach/nudges/:id/ack[2m > [22mrequires auth[32m 4[2mms[22m[39m
 [32m✓[39m app/api/v1/coach/nudges/[nudgeId]/ack/route.test.ts[2m > [22mPOST /api/v1/coach/nudges/:id/ack[2m > [22mrejects when nudge is owned by another user[32m 1[2mms[22m[39m
 [32m✓[39m app/api/v1/coach/nudges/[nudgeId]/ack/route.test.ts[2m > [22mPOST /api/v1/coach/nudges/:id/ack[2m > [22mis idempotent when already acknowledged[32m 2[2mms[22m[39m
 [32m✓[39m app/api/v1/coach/nudges/[nudgeId]/ack/route.test.ts[2m > [22mPOST /api/v1/coach/nudges/:id/ack[2m > [22mupdates acknowledged_at for owned nudge[32m 2[2mms[22m[39m
 [32m✓[39m app/api/v1/integrations/webhook/route.test.ts[2m > [22mPOST /api/v1/integrations/webhook[2m > [22mprocesses every row in a batched payload[32m 10[2mms[22m[39m
 [32m✓[39m app/api/v1/integrations/webhook/route.test.ts[2m > [22mPOST /api/v1/integrations/webhook[2m > [22menqueues replay payloads when persistence fails[32m 2[2mms[22m[39m
 [32m✓[39m app/api/v1/coach/escalate/route.test.ts[2m > [22mcoach escalation route[2m > [22mGET requires auth[32m 4[2mms[22m[39m
 [32m✓[39m app/api/v1/coach/escalate/route.test.ts[2m > [22mcoach escalation route[2m > [22mPOST validates topic[32m 3[2mms[22m[39m
 [32m✓[39m app/api/v1/coach/escalate/route.test.ts[2m > [22mcoach escalation route[2m > [22mPOST stores escalation request[32m 4[2mms[22m[39m
 [32m✓[39m app/api/v1/coach/audio/route.test.ts[2m > [22mPOST /api/v1/coach/audio[2m > [22mrequires authentication[32m 4[2mms[22m[39m
 [32m✓[39m app/api/v1/coach/audio/route.test.ts[2m > [22mPOST /api/v1/coach/audio[2m > [22mreturns a rich fallback coaching script when TTS is unavailable[32m 3[2mms[22m[39m
 [32m✓[39m app/api/v1/coach/audio/route.test.ts[2m > [22mPOST /api/v1/coach/audio[2m > [22muses exercise-specific rest timing in the finish-set script[32m 1[2mms[22m[39m
 [32m✓[39m app/api/v1/coach/audio/route.test.ts[2m > [22mPOST /api/v1/coach/audio[2m > [22madapts finish-set coaching from live heart rate, HRV delta, and step context[32m 1[2mms[22m[39m
 [32m✓[39m app/api/v1/ai/retention-risk/route.test.ts[2m > [22mretention-risk route[2m > [22mrequires authentication[32m 11[2mms[22m[39m
 [32m✓[39m app/api/v1/ai/retention-risk/route.test.ts[2m > [22mretention-risk route[2m > [22mreturns risk payload for authenticated user[32m 4[2mms[22m[39m
 [32m✓[39m lib/sit/substitutions.test.ts[2m > [22mdeterministic substitutions[2m > [22mdetects symptom-triggered substitutions and reuses successful history[32m 3[2mms[22m[39m
 [32m✓[39m app/api/v1/stripe/checkout/route.test.ts[2m > [22mPOST /api/v1/stripe/checkout[2m > [22mreturns 503 when billing is not configured[32m 3[2mms[22m[39m
 [32m✓[39m app/api/v1/stripe/checkout/route.test.ts[2m > [22mPOST /api/v1/stripe/checkout[2m > [22mrequires authentication[32m 6[2mms[22m[39m
 [32m✓[39m app/api/v1/stripe/checkout/route.test.ts[2m > [22mPOST /api/v1/stripe/checkout[2m > [22mcreates a checkout session and returns url[32m 5[2mms[22m[39m
 [32m✓[39m app/api/v1/admin/coach/escalations/[escalationId]/reply/route.test.ts[2m > [22mPOST /api/v1/admin/coach/escalations/:id/reply[2m > [22mvalidates message body[32m 5[2mms[22m[39m
 [32m✓[39m app/api/v1/admin/coach/escalations/[escalationId]/reply/route.test.ts[2m > [22mPOST /api/v1/admin/coach/escalations/:id/reply[2m > [22mposts coach reply[32m 6[2mms[22m[39m
 [32m✓[39m app/api/v1/plan/swap-exercise/route.test.ts[2m > [22mswap-exercise route[2m > [22mreturns validation error when missing currentExercise[32m 5[2mms[22m[39m
 [32m✓[39m app/api/v1/plan/swap-exercise/route.test.ts[2m > [22mswap-exercise route[2m > [22mreturns a replacement exercise[32m 3[2mms[22m[39m
 [32m✓[39m app/api/v1/plan/weekly/route.test.ts[2m > [22mweekly plan route[2m > [22mGET requires authentication[32m 6[2mms[22m[39m
 [32m✓[39m app/api/v1/plan/weekly/route.test.ts[2m > [22mweekly plan route[2m > [22mPOST generates and persists weekly plan[32m 3[2mms[22m[39m
 [32m✓[39m app/api/v1/progression/next-targets/route.test.ts[2m > [22mGET /api/v1/progression/next-targets[2m > [22mrequires auth[32m 3[2mms[22m[39m
 [32m✓[39m app/api/v1/progression/next-targets/route.test.ts[2m > [22mGET /api/v1/progression/next-targets[2m > [22mreturns existing progression targets[32m 3[2mms[22m[39m
 [32m✓[39m app/api/v1/progression/next-targets/route.test.ts[2m > [22mGET /api/v1/progression/next-targets[2m > [22mrecomputes snapshots when no targets exist[32m 1[2mms[22m[39m
 [32m✓[39m app/api/v1/ai/analyze-meal/route.test.ts[2m > [22mPOST /api/v1/ai/analyze-meal[2m > [22mrequires authentication[32m 5[2mms[22m[39m
 [32m✓[39m app/api/v1/ai/analyze-meal/route.test.ts[2m > [22mPOST /api/v1/ai/analyze-meal[2m > [22mvalidates the request shape[32m 1[2mms[22m[39m
 [32m✓[39m app/api/v1/ai/analyze-meal/route.test.ts[2m > [22mPOST /api/v1/ai/analyze-meal[2m > [22mreturns a sanitized estimate[32m 1[2mms[22m[39m
 [32m✓[39m app/api/v1/coach/escalate/[escalationId]/messages/route.test.ts[2m > [22m/api/v1/coach/escalate/:id/messages[2m > [22mGET requires auth[32m 5[2mms[22m[39m
 [32m✓[39m app/api/v1/coach/escalate/[escalationId]/messages/route.test.ts[2m > [22m/api/v1/coach/escalate/:id/messages[2m > [22mGET returns ordered thread for owner[32m 1[2mms[22m[39m
 [32m✓[39m app/api/v1/coach/escalate/[escalationId]/messages/route.test.ts[2m > [22m/api/v1/coach/escalate/:id/messages[2m > [22mPOST validates message[32m 2[2mms[22m[39m
 [32m✓[39m app/api/v1/ai/feedback/route.test.ts[2m > [22mPOST /api/v1/ai/feedback[2m > [22mrequires auth[32m 6[2mms[22m[39m
 [32m✓[39m app/api/v1/ai/feedback/route.test.ts[2m > [22mPOST /api/v1/ai/feedback[2m > [22mvalidates request payload[32m 1[2mms[22m[39m
 [32m✓[39m app/api/v1/ai/feedback/route.test.ts[2m > [22mPOST /api/v1/ai/feedback[2m > [22mstores feedback and returns calibration metadata[32m 2[2mms[22m[39m
 [32m✓[39m lib/sit/safety.red-team.test.ts[2m > [22msafety validator red-team suite[2m > [22mblocks stacked max-intensity lower-body loading for beginners[32m 1[2mms[22m[39m
 [32m✓[39m lib/sit/safety.red-team.test.ts[2m > [22msafety validator red-team suite[2m > [22mmodifies borderline overload prescriptions instead of passing[32m 1[2mms[22m[39m
 [32m✓[39m app/api/v1/admin/coach/escalations/[escalationId]/route.test.ts[2m > [22mPATCH /api/v1/admin/coach/escalations/:id[2m > [22mrequires auth[32m 6[2mms[22m[39m
 [32m✓[39m app/api/v1/admin/coach/escalations/[escalationId]/route.test.ts[2m > [22mPATCH /api/v1/admin/coach/escalations/:id[2m > [22mrequires admin access[32m 1[2mms[22m[39m
 [32m✓[39m app/api/v1/admin/coach/escalations/[escalationId]/route.test.ts[2m > [22mPATCH /api/v1/admin/coach/escalations/:id[2m > [22mupdates escalation status[32m 2[2mms[22m[39m
 [32m✓[39m app/api/v1/nutrition/targets/route.test.ts[2m > [22m/api/v1/nutrition/targets[2m > [22mGET requires auth[32m 5[2mms[22m[39m
 [32m✓[39m app/api/v1/nutrition/targets/route.test.ts[2m > [22m/api/v1/nutrition/targets[2m > [22mGET returns active target[32m 2[2mms[22m[39m
 [32m✓[39m app/api/v1/nutrition/targets/route.test.ts[2m > [22m/api/v1/nutrition/targets[2m > [22mPOST saves target[32m 2[2mms[22m[39m
 [32m✓[39m lib/plan/compose-daily-plan.test.ts[2m > [22mcomposeDailyPlan[2m > [22mreturns plan with expected top-level sections[32m 5[2mms[22m[39m
 [32m✓[39m lib/plan/compose-daily-plan.test.ts[2m > [22mcomposeDailyPlan[2m > [22muses recovery exercises when the weekly slot is recovery and movement quality[32m 2[2mms[22m[39m
 [32m✓[39m lib/progression/compute.test.ts[2m > [22mprogression compute[2m > [22mcomputes E1RM using Brzycki style approximation[32m 1[2mms[22m[39m
 [32m✓[39m lib/progression/compute.test.ts[2m > [22mprogression compute[2m > [22maggregates workout logs into progression snapshots[32m 1[2mms[22m[39m
 [32m✓[39m lib/progression/compute.test.ts[2m > [22mprogression compute[2m > [22mignores sparse entries without reps/load[32m 0[2mms[22m[39m
 [32m✓[39m app/api/v1/nutrition/adherence/daily/route.test.ts[2m > [22mPOST /api/v1/nutrition/adherence/daily[2m > [22mrequires auth[32m 5[2mms[22m[39m
 [32m✓[39m app/api/v1/nutrition/adherence/daily/route.test.ts[2m > [22mPOST /api/v1/nutrition/adherence/daily[2m > [22mcomputes and stores daily adherence[32m 4[2mms[22m[39m
 [32m✓[39m app/api/v1/plan/adapt-session/route.test.ts[2m > [22mPOST /api/v1/plan/adapt-session[2m > [22mreturns 401 when unauthenticated[32m 6[2mms[22m[39m
 [32m✓[39m app/api/v1/plan/adapt-session/route.test.ts[2m > [22mPOST /api/v1/plan/adapt-session[2m > [22mvalidates current_exercises[32m 1[2mms[22m[39m
 [32m✓[39m app/api/v1/plan/adapt-session/route.test.ts[2m > [22mPOST /api/v1/plan/adapt-session[2m > [22mreturns adapted exercises[32m 1[2mms[22m[39m
 [32m✓[39m app/api/v1/integrations/oura/callback/route.test.ts[2m > [22mGET /api/v1/integrations/oura/callback[2m > [22mredirects error when code/state missing[32m 3[2mms[22m[39m
 [32m✓[39m app/api/v1/integrations/oura/callback/route.test.ts[2m > [22mGET /api/v1/integrations/oura/callback[2m > [22mpersists credentials and redirects connected[32m 1[2mms[22m[39m
 [32m✓[39m app/api/v1/integrations/oura/callback/route.test.ts[2m > [22mGET /api/v1/integrations/oura/callback[2m > [22mrejects callbacks when stored oauth state is missing[32m 0[2mms[22m[39m
 [32m✓[39m app/api/v1/integrations/oura/callback/route.test.ts[2m > [22mGET /api/v1/integrations/oura/callback[2m > [22mrejects callbacks when stored oauth state does not match[32m 0[2mms[22m[39m
 [32m✓[39m lib/funnel/preauth.test.ts[2m > [22mpre-auth assessment draft[2m > [22msaves and loads a valid draft[32m 4[2mms[22m[39m
 [32m✓[39m lib/funnel/preauth.test.ts[2m > [22mpre-auth assessment draft[2m > [22mclears expired draft[32m 1[2mms[22m[39m
 [32m✓[39m lib/funnel/preauth.test.ts[2m > [22mpre-auth assessment draft[2m > [22mexpires draft according to TTL window[32m 1[2mms[22m[39m
 [32m✓[39m app/api/v1/admin/coach/escalations/route.test.ts[2m > [22mGET /api/v1/admin/coach/escalations[2m > [22mrequires auth[32m 2[2mms[22m[39m
 [32m✓[39m app/api/v1/admin/coach/escalations/route.test.ts[2m > [22mGET /api/v1/admin/coach/escalations[2m > [22mrequires coach admin[32m 0[2mms[22m[39m
 [32m✓[39m app/api/v1/admin/coach/escalations/route.test.ts[2m > [22mGET /api/v1/admin/coach/escalations[2m > [22mreturns queue for coach admins[32m 2[2mms[22m[39m
 [32m✓[39m app/api/v1/jobs/integrations/reconcile/route.test.ts[2m > [22mPOST /api/v1/jobs/integrations/reconcile[2m > [22mrejects unauthorized calls[32m 4[2mms[22m[39m
 [32m✓[39m app/api/v1/jobs/integrations/reconcile/route.test.ts[2m > [22mPOST /api/v1/jobs/integrations/reconcile[2m > [22mreturns summary when authorized[32m 3[2mms[22m[39m
 [32m✓[39m app/api/v1/integrations/whoop/connect/route.test.ts[2m > [22mGET /api/v1/integrations/whoop/connect[2m > [22mrequires authentication[32m 5[2mms[22m[39m
 [32m✓[39m app/api/v1/integrations/whoop/connect/route.test.ts[2m > [22mGET /api/v1/integrations/whoop/connect[2m > [22mreturns connect url[32m 4[2mms[22m[39m
 [32m✓[39m app/api/v1/ai/projection/route.test.ts[2m > [22mprojection route[2m > [22mrequires authentication[32m 3[2mms[22m[39m
 [32m✓[39m app/api/v1/ai/projection/route.test.ts[2m > [22mprojection route[2m > [22mreturns projection payload for authenticated user[32m 1[2mms[22m[39m
 [32m✓[39m app/api/v1/integrations/whoop/callback/route.test.ts[2m > [22mGET /api/v1/integrations/whoop/callback[2m > [22mredirects to error when code/state is missing[32m 5[2mms[22m[39m
 [32m✓[39m app/api/v1/integrations/whoop/callback/route.test.ts[2m > [22mGET /api/v1/integrations/whoop/callback[2m > [22mexchanges code and redirects to connected[32m 16[2mms[22m[39m
 [32m✓[39m app/api/v1/stripe/webhook/route.test.ts[2m > [22mPOST /api/v1/stripe/webhook[2m > [22mreturns 400 on missing signature[32m 6[2mms[22m[39m
 [32m✓[39m app/api/v1/stripe/webhook/route.test.ts[2m > [22mPOST /api/v1/stripe/webhook[2m > [22mupdates user to pro on checkout session completion[32m 1[2mms[22m[39m
 [32m✓[39m app/omni/page.test.tsx[2m > [22mOmni page[2m > [22mredirects to the dashboard AI surface[32m 2[2mms[22m[39m
 [32m✓[39m app/api/v1/coach/escalate/active/route.test.ts[2m > [22mGET /api/v1/coach/escalate/active[2m > [22mrequires auth[32m 9[2mms[22m[39m
 [32m✓[39m app/api/v1/coach/escalate/active/route.test.ts[2m > [22mGET /api/v1/coach/escalate/active[2m > [22mreturns null when no active escalation exists[32m 5[2mms[22m[39m
 [32m✓[39m app/api/v1/coach/escalate/active/route.test.ts[2m > [22mGET /api/v1/coach/escalate/active[2m > [22mreturns active escalation with latest message[32m 2[2mms[22m[39m
 [32m✓[39m app/api/v1/telemetry/event/route.test.ts[2m > [22mPOST /api/v1/telemetry/event[2m > [22mvalidates payload[32m 8[2mms[22m[39m
 [32m✓[39m app/api/v1/telemetry/event/route.test.ts[2m > [22mPOST /api/v1/telemetry/event[2m > [22mlogs telemetry event[32m 3[2mms[22m[39m
 [32m✓[39m lib/workout/guided-metrics.test.ts[2m > [22mguided workout metrics helpers[2m > [22mparses timed work prescriptions[32m 1[2mms[22m[39m
 [32m✓[39m lib/workout/guided-metrics.test.ts[2m > [22mguided workout metrics helpers[2m > [22mignores rep prescriptions that are not timed[32m 1[2mms[22m[39m
 [32m✓[39m lib/workout/guided-metrics.test.ts[2m > [22mguided workout metrics helpers[2m > [22mreturns stable defaults for logging and rest[32m 1[2mms[22m[39m
 [32m✓[39m app/api/v1/jobs/reminders/route.test.ts[2m > [22mreminder job route[2m > [22mrejects unauthorized requests when secret is configured[32m 2[2mms[22m[39m
 [32m✓[39m app/api/v1/jobs/reminders/route.test.ts[2m > [22mreminder job route[2m > [22mruns dispatch for authorized requests[32m 1[2mms[22m[39m
 [32m✓[39m app/log/page.test.tsx[2m > [22mLog page[2m > [22mredirects to the workout tab[32m 2[2mms[22m[39m
 [32m✓[39m lib/units.test.ts[2m > [22munits helpers[2m > [22mdefaults to imperial when no unit preference is present[32m 1[2mms[22m[39m
 [32m✓[39m lib/units.test.ts[2m > [22munits helpers[2m > [22mreads metric preference from profile devices[32m 0[2mms[22m[39m
 [32m✓[39m lib/units.test.ts[2m > [22munits helpers[2m > [22mconverts height and weight between display and metric storage[32m 1[2mms[22m[39m
 [32m✓[39m lib/units.test.ts[2m > [22munits helpers[2m > [22mformats display numbers with minimal trailing zeros[32m 0[2mms[22m[39m
 [32m✓[39m app/coach/page.test.tsx[2m > [22mCoach page[2m > [22mredirects to the dashboard AI surface[32m 4[2mms[22m[39m
 [32m✓[39m lib/date/local-date.test.ts[2m > [22mtoLocalDateString[2m > [22mreturns YYYY-MM-DD[32m 2[2mms[22m[39m
 [32m✓[39m lib/date/local-date.test.ts[2m > [22mtoLocalDateString[2m > [22mis stable for local midnight edge[32m 0[2mms[22m[39m
 [32m✓[39m lib/sit/safety.test.ts[2m > [22msafety validator[2m > [22mblocks a same-day high-intensity overload prescription[32m 2[2mms[22m[39m
 [32m✓[39m app/coach/motion-lab/page.test.tsx[2m > [22mLegacy motion lab page[2m > [22mredirects to the workout-owned motion lab route[32m 2[2mms[22m[39m
 [32m✓[39m lib/sit/voice-duplex.test.ts[2m > [22mvoice duplex runtime[2m > [22madvances states and emits chunked streaming events[32m 1[2mms[22m[39m

[31m⎯⎯⎯⎯⎯⎯⎯[39m[1m[41m Failed Tests 6 [49m[22m[31m⎯⎯⎯⎯⎯⎯⎯[39m

[41m[1m FAIL [22m[49m app/page.test.tsx[2m > [22mHome page[2m > [22mrenders signed-out funnel content
[31m[1mTestingLibraryElementError[22m[39m: Unable to find role="link" and name `/Preview Your Protocol/i`

Ignored nodes: comments, script, style
[36m<body>[39m
  [36m<div>[39m
    [36m<div[39m
      [33mclass[39m=[32m"mx-auto w-full max-w-shell px-4 py-12 sm:px-6"[39m
    [36m>[39m
      [36m<section[39m
        [33mclass[39m=[32m"relative overflow-hidden rounded-xl3 border border-white/10 bg-black p-6 shadow-fn-card sm:p-16 lg:p-24"[39m
      [36m>[39m
        [36m<div[39m
          [33mclass[39m=[32m"absolute inset-0 z-0"[39m
        [36m>[39m
          [36m<video[39m
            [33mautoplay[39m=[32m""[39m
            [33mclass[39m=[32m"h-full w-full object-cover object-center opacity-40 grayscale contrast-125 transition-opacity duration-1000"[39m
            [33mloop[39m=[32m""[39m
            [33mplaysinline[39m=[32m""[39m
            [33msrc[39m=[32m"/images/push-ups.mp4"[39m
          [36m/>[39m
        [36m</div>[39m
        [36m<div[39m
          [33mclass[39m=[32m"absolute inset-0 z-0 bg-gradient-to-r from-black via-black/90 to-transparent"[39m
        [36m/>[39m
        [36m<div[39m
          [33mclass[39m=[32m"absolute inset-0 z-0 bg-gradient-to-t from-black via-transparent to-black/30"[39m
        [36m/>[39m
        [36m<div[39m
          [33mclass[39m=[32m"relative z-10"[39m
        [36m>[39m
          [36m<p[39m
            [33mclass[39m=[32m"text-[11px] font-black uppercase tracking-[0.5em] text-fn-accent"[39m
          [36m>[39m
            [0miOS Coaching Platform[0m
          [36m</p>[39m
          [36m<h1[39m
            [33mclass[39m=[32m"mt-6 font-display text-6xl font-black uppercase italic tracking-tighter text-white sm:text-8xl lg:text-9xl leading-[0.85]"[39m
          [36m>[39m
            [0mBuild Your[0m
            [36m<br />[39m
            [0mLegend[0m
          [36m</h1>[39m
          [36m<p[39m
            [33mclass[39m=[32m"mt-8 max-w-2xl text-lg font-medium leading-relaxed text-fn-muted/90 lg:text-2xl"[39m
          [36m>[39m
            [0mYour AI coach now lives in your pocket. Koda for iPhone delivers adaptive daily plans, wearable-powered readiness, and instant nutrition + workout logging wherever you train.[0m
          [36m</p>[39m
          [36m<div[39m
            [33mclass[39m=[32m"mt-12 flex flex-col gap-4 sm:flex-row"[39m
          [36m>[39m
            [36m<a[39m
              [33maria-label[39m=[32m"Set Up My iPhone Coach"[39m
              [33mhref[39m=[32m"/start"[39m
            [36m>[39m
              [36m<button[39m
                [33mclass[39m=[32m"inline-flex items-center justify-center rounded-xl transition-all duration-300 active:scale-95 focus:outline-none focus:ring-2 focus:ring-offset-2 focus:ring-offset-fn-bg bg-fn-primary text-black shadow-fn-btn hover:bg-white hover:scale-[1.02] focus:ring-fn-primary/40 disabled:opacity-50 h-touch-lg px-8 py-4 text-[11px] tracking-[0.25em] font-black h-touch-lg px-8 text-xs font-black uppercase tracking-[0.2em] bg-white text-black hover:bg-white/90"[39m
                [33mtype[39m=[32m"button"[39m
              [36m>[39m
                [0mSet Up My iPhone Coach[0m
              [36m</button>[39m
            [36m</a>[39m
            [36m<a[39m
              [33maria-label[39m=[32m"Member Access"[39m
              [33mhref[39m=[32m"/auth"[39m
            [36m>[39m
              [36m<button[39m
                [33mclass[39m=[32m"inline-flex items-center justify-center rounded-xl transition-all duration-300 active:scale-95 focus:outline-none focus:ring-2 focus:ring-offset-2 focus:ring-offset-fn-bg border border-white/10 bg-white/5 text-white backdrop-blur-sm hover:bg-white/10 hover:border-white/20 focus:ring-fn-primary/30 h-touch-lg px-8 py-4 text-[11px] tracking-[0.25em] font-black h-touch-lg px-8 text-xs font-black uppercase tracking-[0.2em] bg-white/5 border border-white/10 hover:bg-white/10 text-white"[39m
                [33mtype[39m=[32m"button"[39m
              [36m>[39m
                [0mSign In[0m
              [36m</button>[39m
            [36m</a>[39m
          [36m</div>[39m
          [36m<div[39m
            [33mclass[39m=[32m"mt-20 border-t border-white/10 pt-12"[39m
          [36m>[39m
            [36m<p[39m
              [33mclass[39m=[32m"text-[10px] font-black uppercase tracking-[0.4em] text-fn-accent mb-6"[39m
            [36m>[39m
              [0mWhat Your First Week Looks Like[0m
            [36m</p>[39m
            [36m<h2[39m
              [33mclass[39m=[32m"font-display text-4xl font-black uppercase italic tracking-tighter text-white sm:text-5xl mb-10"[39m
            [36m>[39m
              [0mYour First 7 Days[0m
            [36m</h2>[39m
            [36m<div[39m
              [33mclass[39m=[32m"grid gap-6 sm:grid-cols-2 lg:grid-cols-4"[39m
            [36m>[39m
              [36m<div[39m
                [33mclass[39m=[32m"relative p-6 rounded-2xl bg-white/[0.03] border border-white/5 hover:bg-white/[0.05] transition-all group"[39m
              [36m>[39m
                [36m<div[39m
                  [33mclass[39m=[32m"absolute -top-4 -left-4 h-10 w-10 rounded-full bg-fn-accent flex items-center justify-center text-black font-black text-xs shadow-[0_0_15px_rgba(10,217,196,0.5)]"[39m
                [36m>[39m
                  [0mD1[0m
                [36m</div>[39m
                [36m<p[39m
                  [33mclass[39m=[32m"text-sm font-black text-white uppercase tracking-widest mb-2 mt-2"[39m
                [36m>[39m
                  [0mStarting Point[0m
                [36m</p>[39m
                [36m<p[39m
                  [33mclass[39m=[32m"text-xs text-fn-muted leading-relaxed"[39m
                [36m>[39m
                  [0mKoda learns your goals, schedule, and current baseline.[0m
                [36m</p>[39m
              [36m</div>[39m
              [36m<div[39m
                [33mclass[39m=[32m"relative p-6 rounded-2xl bg-white/[0.03] border border-white/5 hover:bg-white/[0.05] transition-all group"[39m
              [36m>[39m
                [36m<div[39m
                  [33mclass[39m=[32m"absolute -top-4 -left-4 h-10 w-10 rounded-full bg-fn-accent flex items-center justify-center text-black font-black text-xs shadow-[0_0_15px_rgba(10,217,196,0.5)]"[39m
                [36m>[39m
                  [0mD3[0m
                [36m</div>[39m
                [36m<p[39m
                  [33mclass[39m=[32m"text-sm font-black text-white uppercase tracking-widest mb-2 mt-2"[39m
                [36m>[39m
                  [0mPlan Tune-Up[0m
                [36m</p>[39m
                [36m<p[39m
                  [33mclass[39m=[32m"text-xs text-fn-muted leading-relaxed"[39m
                [36m>[39m
                  [0mYour workout and food targets adjust to early feedback.[0m
                [36m</p>[39m
              [36m</div>[39m
              [36m<div[...

Ignored nodes: comments, script, style
[36m<body>[39m
  [36m<div>[39m
    [36m<div[39m
      [33mclass[39m=[32m"mx-auto w-full max-w-shell px-4 py-12 sm:px-6"[39m
    [36m>[39m
      [36m<section[39m
        [33mclass[39m=[32m"relative overflow-hidden rounded-xl3 border border-white/10 bg-black p-6 shadow-fn-card sm:p-16 lg:p-24"[39m
      [36m>[39m
        [36m<div[39m
          [33mclass[39m=[32m"absolute inset-0 z-0"[39m
        [36m>[39m
          [36m<video[39m
            [33mautoplay[39m=[32m""[39m
            [33mclass[39m=[32m"h-full w-full object-cover object-center opacity-40 grayscale contrast-125 transition-opacity duration-1000"[39m
            [33mloop[39m=[32m""[39m
            [33mplaysinline[39m=[32m""[39m
            [33msrc[39m=[32m"/images/push-ups.mp4"[39m
          [36m/>[39m
        [36m</div>[39m
        [36m<div[39m
          [33mclass[39m=[32m"absolute inset-0 z-0 bg-gradient-to-r from-black via-black/90 to-transparent"[39m
        [36m/>[39m
        [36m<div[39m
          [33mclass[39m=[32m"absolute inset-0 z-0 bg-gradient-to-t from-black via-transparent to-black/30"[39m
        [36m/>[39m
        [36m<div[39m
          [33mclass[39m=[32m"relative z-10"[39m
        [36m>[39m
          [36m<p[39m
            [33mclass[39m=[32m"text-[11px] font-black uppercase tracking-[0.5em] text-fn-accent"[39m
          [36m>[39m
            [0miOS Coaching Platform[0m
          [36m</p>[39m
          [36m<h1[39m
            [33mclass[39m=[32m"mt-6 font-display text-6xl font-black uppercase italic tracking-tighter text-white sm:text-8xl lg:text-9xl leading-[0.85]"[39m
          [36m>[39m
            [0mBuild Your[0m
            [36m<br />[39m
            [0mLegend[0m
          [36m</h1>[39m
          [36m<p[39m
            [33mclass[39m=[32m"mt-8 max-w-2xl text-lg font-medium leading-relaxed text-fn-muted/90 lg:text-2xl"[39m
          [36m>[39m
            [0mYour AI coach now lives in your pocket. Koda for iPhone delivers adaptive daily plans, wearable-powered readiness, and instant nutrition + workout logging wherever you train.[0m
          [36m</p>[39m
          [36m<div[39m
            [33mclass[39m=[32m"mt-12 flex flex-col gap-4 sm:flex-row"[39m
          [36m>[39m
            [36m<a[39m
              [33maria-label[39m=[32m"Set Up My iPhone Coach"[39m
              [33mhref[39m=[32m"/start"[39m
            [36m>[39m
              [36m<button[39m
                [33mclass[39m=[32m"inline-flex items-center justify-center rounded-xl transition-all duration-300 active:scale-95 focus:outline-none focus:ring-2 focus:ring-offset-2 focus:ring-offset-fn-bg bg-fn-primary text-black shadow-fn-btn hover:bg-white hover:scale-[1.02] focus:ring-fn-primary/40 disabled:opacity-50 h-touch-lg px-8 py-4 text-[11px] tracking-[0.25em] font-black h-touch-lg px-8 text-xs font-black uppercase tracking-[0.2em] bg-white text-black hover:bg-white/90"[39m
                [33mtype[39m=[32m"button"[39m
              [36m>[39m
                [0mSet Up My iPhone Coach[0m
              [36m</button>[39m
            [36m</a>[39m
            [36m<a[39m
              [33maria-label[39m=[32m"Member Access"[39m
              [33mhref[39m=[32m"/auth"[39m
            [36m>[39m
              [36m<button[39m
                [33mclass[39m=[32m"inline-flex items-center justify-center rounded-xl transition-all duration-300 active:scale-95 focus:outline-none focus:ring-2 focus:ring-offset-2 focus:ring-offset-fn-bg border border-white/10 bg-white/5 text-white backdrop-blur-sm hover:bg-white/10 hover:border-white/20 focus:ring-fn-primary/30 h-touch-lg px-8 py-4 text-[11px] tracking-[0.25em] font-black h-touch-lg px-8 text-xs font-black uppercase tracking-[0.2em] bg-white/5 border border-white/10 hover:bg-white/10 text-white"[39m
                [33mtype[39m=[32m"button"[39m
              [36m>[39m
                [0mSign In[0m
              [36m</button>[39m
            [36m</a>[39m
          [36m</div>[39m
          [36m<div[39m
            [33mclass[39m=[32m"mt-20 border-t border-white/10 pt-12"[39m
          [36m>[39m
            [36m<p[39m
              [33mclass[39m=[32m"text-[10px] font-black uppercase tracking-[0.4em] text-fn-accent mb-6"[39m
            [36m>[39m
              [0mWhat Your First Week Looks Like[0m
            [36m</p>[39m
            [36m<h2[39m
              [33mclass[39m=[32m"font-display text-4xl font-black uppercase italic tracking-tighter text-white sm:text-5xl mb-10"[39m
            [36m>[39m
              [0mYour First 7 Days[0m
            [36m</h2>[39m
            [36m<div[39m
              [33mclass[39m=[32m"grid gap-6 sm:grid-cols-2 lg:grid-cols-4"[39m
            [36m>[39m
              [36m<div[39m
                [33mclass[39m=[32m"relative p-6 rounded-2xl bg-white/[0.03] border border-white/5 hover:bg-white/[0.05] transition-all group"[39m
              [36m>[39m
                [36m<div[39m
                  [33mclass[39m=[32m"absolute -top-4 -left-4 h-10 w-10 rounded-full bg-fn-accent flex items-center justify-center text-black font-black text-xs shadow-[0_0_15px_rgba(10,217,196,0.5)]"[39m
                [36m>[39m
                  [0mD1[0m
                [36m</div>[39m
                [36m<p[39m
                  [33mclass[39m=[32m"text-sm font-black text-white uppercase tracking-widest mb-2 mt-2"[39m
                [36m>[39m
                  [0mStarting Point[0m
                [36m</p>[39m
                [36m<p[39m
                  [33mclass[39m=[32m"text-xs text-fn-muted leading-relaxed"[39m
                [36m>[39m
                  [0mKoda learns your goals, schedule, and current baseline.[0m
                [36m</p>[39m
              [36m</div>[39m
              [36m<div[39m
                [33mclass[39m=[32m"relative p-6 rounded-2xl bg-white/[0.03] border border-white/5 hover:bg-white/[0.05] transition-all group"[39m
              [36m>[39m
                [36m<div[39m
                  [33mclass[39m=[32m"absolute -top-4 -left-4 h-10 w-10 rounded-full bg-fn-accent flex items-center justify-center text-black font-black text-xs shadow-[0_0_15px_rgba(10,217,196,0.5)]"[39m
                [36m>[39m
                  [0mD3[0m
                [36m</div>[39m
                [36m<p[39m
                  [33mclass[39m=[32m"text-sm font-black text-white uppercase tracking-widest mb-2 mt-2"[39m
                [36m>[39m
                  [0mPlan Tune-Up[0m
                [36m</p>[39m
                [36m<p[39m
                  [33mclass[39m=[32m"text-xs text-fn-muted leading-relaxed"[39m
                [36m>[39m
                  [0mYour workout and food targets adjust to early feedback.[0m
                [36m</p>[39m
              [36m</div>[39m
              [36m<div[...
[90m [2m❯[22m waitForWrapper node_modules/@testing-library/dom/dist/wait-for.js:[2m163:27[22m[39m
[90m [2m❯[22m node_modules/@testing-library/dom/dist/query-helpers.js:[2m86:33[22m[39m
[36m [2m❯[22m app/page.test.tsx:[2m26:25[22m[39m
    [90m 24| [39m    [34mrender[39m([33m<[39m[33mHomePage[39m [33m/[39m[33m>[39m)[33m;[39m
    [90m 25| [39m    [90m// screen.debug(); [39m
    [90m 26| [39m    expect(await screen.findByRole("link", { name: /Preview Your Proto…
    [90m   | [39m                        [31m^[39m
    [90m 27| [39m    expect(screen.getByRole("link", { name: /Member Access/i })).toHav…
    [90m 28| [39m  })[33m;[39m

[31m[2m⎯⎯⎯⎯⎯⎯⎯⎯⎯⎯⎯⎯⎯⎯⎯⎯⎯⎯⎯⎯⎯⎯⎯⎯[1/6]⎯[22m[39m

[41m[1m FAIL [22m[49m app/onboarding/page.test.tsx[2m > [22mOnboarding page[2m > [22mdoes not mark onboarding completed when saving fails
[31m[1mTestingLibraryElementError[22m[39m: Unable to find an accessible element with the role "button" and name `/next/i`

Here are the accessible roles:

  img:

  Name "Onboarding Background":
  [36m<img[39m
    [33malt[39m=[32m"Onboarding Background"[39m
    [33mclass[39m=[32m"object-cover opacity-20 grayscale transition-all duration-1000"[39m
    [33mdata-nimg[39m=[32m"fill"[39m
    [33mdecoding[39m=[32m"async"[39m
    [33mfetchpriority[39m=[32m"high"[39m
    [33msizes[39m=[32m"100vw"[39m
    [33msrc[39m=[32m"/_next/image?url=%2Fimages%2Frefined%2Fathletic_female_stretching.png&w=3840&q=75"[39m
    [33msrcset[39m=[32m"/_next/image?url=%2Fimages%2Frefined%2Fathletic_female_stretching.png&w=640&q=75 640w, /_next/image?url=%2Fimages%2Frefined%2Fathletic_female_stretching.png&w=750&q=75 750w, /_next/image?url=%2Fimages%2Frefined%2Fathletic_female_stretching.png&w=828&q=75 828w, /_next/image?url=%2Fimages%2Frefined%2Fathletic_female_stretching.png&w=1080&q=75 1080w, /_next/image?url=%2Fimages%2Frefined%2Fathletic_female_stretching.png&w=1200&q=75 1200w, /_next/image?url=%2Fimages%2Frefined%2Fathletic_female_stretching.png&w=1920&q=75 1920w, /_next/image?url=%2Fimages%2Frefined%2Fathletic_female_stretching.png&w=2048&q=75 2048w, /_next/image?url=%2Fimages%2Frefined%2Fathletic_female_stretching.png&w=3840&q=75 3840w"[39m
    [33mstyle[39m=[32m"position: absolute; height: 100%; width: 100%; left: 0px; top: 0px; right: 0px; bottom: 0px; color: transparent;"[39m
  [36m/>[39m

  --------------------------------------------------
  banner:

  Name "":
  [36m<header[39m
    [33mclass[39m=[32m"mb-6"[39m
  [36m/>[39m

  --------------------------------------------------
  paragraph:

  Name "":
  [36m<p[39m
    [33mclass[39m=[32m"text-xs font-semibold uppercase tracking-[0.14em] text-fn-muted"[39m
  [36m/>[39m

  Name "":
  [36m<p[39m
    [33mclass[39m=[32m"mt-2 text-fn-muted"[39m
  [36m/>[39m

  Name "":
  [36m<p[39m
    [33mclass[39m=[32m"mt-3 text-sm font-semibold text-fn-muted"[39m
  [36m/>[39m

  Name "":
  [36m<p />[39m

  Name "":
  [36m<p />[39m

  Name "":
  [36m<p />[39m

  Name "":
  [36m<p[39m
    [33mclass[39m=[32m"mt-1 text-xs leading-relaxed text-fn-muted"[39m
  [36m/>[39m

  Name "":
  [36m<p[39m
    [33mclass[39m=[32m"mt-1 text-xs leading-relaxed text-fn-muted"[39m
  [36m/>[39m

  Name "":
  [36m<p[39m
    [33mclass[39m=[32m"mt-1 text-xs leading-relaxed text-fn-muted"[39m
  [36m/>[39m

  Name "":
  [36m<p[39m
    [33mclass[39m=[32m"mt-1 text-xs leading-relaxed text-fn-muted"[39m
  [36m/>[39m

  Name "":
  [36m<p[39m
    [33mclass[39m=[32m"text-[10px] font-black uppercase tracking-widest text-fn-accent mb-3"[39m
  [36m/>[39m

  Name "":
  [36m<p[39m
    [33mclass[39m=[32m"mt-6 text-[10px] text-fn-muted/50 uppercase tracking-widest"[39m
  [36m/>[39m

  --------------------------------------------------
  heading:

  Name "Set up your profile":
  [36m<h1[39m
    [33mclass[39m=[32m"mt-2 font-display text-4xl text-fn-ink"[39m
  [36m/>[39m

  Name "Your body metrics":
  [36m<h2[39m
    [33mclass[39m=[32m"text-xl font-semibold text-fn-ink"[39m
  [36m/>[39m

  --------------------------------------------------
  progressbar:

  Name "Onboarding progress":
  [36m<div[39m
    [33maria-label[39m=[32m"Onboarding progress"[39m
    [33maria-valuemax[39m=[32m"7"[39m
    [33maria-valuemin[39m=[32m"1"[39m
    [33maria-valuenow[39m=[32m"1"[39m
    [33mclass[39m=[32m"mb-6"[39m
    [33mrole[39m=[32m"progressbar"[39m
  [36m/>[39m

  --------------------------------------------------
  button:

  Name "":
  [36m<button[39m
    [33maria-current[39m=[32m"step"[39m
    [33mclass[39m=[32m"h-2 flex-1 rounded-full transition-colors focus:outline-none focus:ring-2 focus:ring-fn-primary/30 bg-fn-primary shadow-[0_0_10px_rgba(51,92,255,0.4)]"[39m
    [33mtype[39m=[32m"button"[39m
  [36m/>[39m

  Name "":
  [36m<button[39m
    [33mclass[39m=[32m"h-2 flex-1 rounded-full transition-colors focus:outline-none focus:ring-2 focus:ring-fn-primary/30 bg-fn-bg-alt"[39m
    [33mtype[39m=[32m"button"[39m
  [36m/>[39m

  Name "":
  [36m<button[39m
    [33mclass[39m=[32m"h-2 flex-1 rounded-full transition-colors focus:outline-none focus:ring-2 focus:ring-fn-primary/30 bg-fn-bg-alt"[39m
    [33mtype[39m=[32m"button"[39m
  [36m/>[39m

  Name "":
  [36m<button[39m
    [33mclass[39m=[32m"h-2 flex-1 rounded-full transition-colors focus:outline-none focus:ring-2 focus:ring-fn-primary/30 bg-fn-bg-alt"[39m
    [33mtype[39m=[32m"button"[39m
  [36m/>[39m

  Name "":
  [36m<button[39m
    [33mclass[39m=[32m"h-2 flex-1 rounded-full transition-colors focus:outline-none focus:ring-2 focus:ring-fn-primary/30 bg-fn-bg-alt"[39m
    [33mtype[39m=[32m"button"[39m
  [36m/>[39m

  Name "":
  [36m<button[39m
    [33mclass[39m=[32m"h-2 flex-1 rounded-full transition-colors focus:outline-none focus:ring-2 focus:ring-fn-primary/30 bg-fn-bg-alt"[39m
    [33mtype[39m=[32m"button"[39m
  [36m/>[39m

  Name "":
  [36m<button[39m
    [33mclass[39m=[32m"h-2 flex-1 rounded-full transition-colors focus:outline-none focus:ring-2 focus:ring-fn-primary/30 bg-fn-bg-alt"[39m
    [33mtype[39m=[32m"button"[39m
  [36m/>[39m

  Name "Continue to goals":
  [36m<button[39m
    [33mclass[39m=[32m"inline-flex items-center justify-center rounded-xl transition-all duration-300 active:scale-95 focus:outline-none focus:ring-2 focus:ring-offset-2 focus:ring-offset-fn-bg bg-fn-primary text-black shadow-fn-btn hover:bg-white hover:scale-[1.02] focus:ring-fn-primary/40 disabled:opacity-50 h-touch-lg px-8 py-4 text-[11px] tracking-[0.25em] font-black flex-1"[39m
    [33mtype[39m=[32m"button"[39m
  [36m/>[39m

  --------------------------------------------------
  group:

  Name "":
  [36m<details[39m
    [33mclass[39m=[32m"mb-4 rounded-xl border border-white/8 bg-black/15 px-4 py-3"[39m
  [36m/>[39m

  --------------------------------------------------
  textbox:

  Name "":
  [36m<input[39m
    [33mclass[39m=[32m"min-h-touch w-full rounded-xl border border-fn-border bg-fn-surface px-4 py-3 text-fn-ink placeholder-fn-muted focus:border-fn-accent focus:outline-none focus:ring-2 focus:ring-fn-accent/10 transition-colors"[39m
    [33mplaceholder[39m=[32m"Your name"[39m
    [33mtype[39m=[32m"text"[39m
    [33mvalue[39m=[32m""[39m
  [36m/>[39m

  Name "":
  [36m<input[39m
    [33mclass[39m=[32m"min-h-touch w-full rounded-xl border border-fn-border bg-fn-surface px-4 py-3 text-fn-ink placeholder-fn-muted focus:border-fn-accent focus:outline-none focus:ring-2 focus:ring-fn-accent/10 transition-colors"[39m
    [33mplaceholder[39m=[32m"+15551234567"[39m
    [33mtype[39m=[32m"tel"[39m
    [33mvalue[39m=[32m""[39m
  [36m/>[39m

  --------------------------------------------------
  spinbutton:

  Name "":
  [36m<input[39m
    [33mclass[39m=[32m"min-h-touch w-full rounded-xl border border-fn-border bg-fn-surface px-4 py-3 text-fn-ink placeholder-fn-muted focus:border-fn-accent focus:outline-none focus:ring-2 focus:ring-fn-accent/10 transition-colors"[39m
    [33mmax[39m=[32m"120"[39m
    [33mmin[39m=[32m"13"[39m
    [33mplaceholder[39m=[32m"25"[39m
    [33mtype[39m=[32m"number"[39m
    [33mvalue[39m=[32m""[39m
  [36m/>[39m

  Name "":
  [36m<input[39m
    [33mclass[39m=[32m"min-h-touch w-full rounded-xl border border-fn-border bg-fn-surface px-4 py-3 text-fn-ink placeholder-fn-muted focus:border-fn-accent focus:outline-none focus:ring-2 focus:ring-fn-accent/10 transition-colors"[39m
    [33mplaceholder[39m=[32m"67"[39m
    [33mstep[39m=[32m"0.1"[39m
    [33mtype[39m=[32m"number"[39m
    [33mvalue[39m=[32m""[39m
  [36m/>[39m

  Name "":
  [36m<input[39m
    [33mclass[39m=[32m"min-h-touch w-full rounded-xl border border-fn-border bg-fn-surface px-4 py-3 text-fn-ink placeholder-fn-muted focus:border-fn-accent focus:outline-none focus:ring-2 focus:ring-fn-accent/10 transition-colors"[39m
    [33mplaceholder[39m=[32m"154"[39m
    [33mstep[39m=[32m"0.1"[39m
    [33mtype[39m=[32m"number"[39m
    [33mvalue[39m=[32m""[39m
  [36m/>[39m

  --------------------------------------------------
  combobox:

  Name "":
  [36m<select[39m
    [33mclass[39m=[32m"min-h-touch w-full rounded-xl border border-fn-border bg-fn-surface px-4 py-3 text-fn-ink placeholder-fn-muted focus:border-fn-accent focus:outline-none focus:ring-2 focus:ring-fn-accent/10 transition-colors"[39m
  [36m/>[39m

  Name "":
  [36m<select[39m
    [33mclass[39m=[32m"min-h-touch w-full rounded-xl border border-fn-border bg-fn-surface px-4 py-3 text-fn-ink placeholder-fn-muted focus:border-fn-accent focus:outline-none focus:ring-2 focus:ring-fn-accent/10 transition-colors"[39m
  [36m/>[39m

  --------------------------------------------------
  option:

  Name "Select":
  [36m<option[39m
    [33mvalue[39m=[32m""[39m
  [36m/>[39m

  Name "Male":
  [36m<option[39m
    [33mvalue[39m=[32m"male"[39m
  [36m/>[39m

  Name "Female":
  [36m<option[39m
    [33mvalue[39m=[32m"female"[39m
  [36m/>[39m

  Name "Other":
  [36m<option[39m
    [33mvalue[39m=[32m"other"[39m
  [36m/>[39m

  Name "in / lbs":
  [36m<option[39m
    [33mvalue[39m=[32m"imperial"[39m
  [36m/>[39m

  Name "cm / kg":
  [36m<option[39m
    [33mvalue[39m=[32m"metric"[39m
  [36m/>[39m

  --------------------------------------------------
  list:

  Name "":
  [36m<ul[39m
    [33mclass[39m=[32m"space-y-4"[39m
  [36m/>[39m

  --------------------------------------------------
  listitem:

  Name "":
  [36m<li[39m
    [33mclass[39m=[32m"flex items-start gap-3"[39m
  [36m/>[39m

  Name "":
  [36m<li[39m
    [33mclass[39m=[32m"flex items-start gap-3"[39m
  [36m/>[39m

  Name "":
  [36m<li[39m
    [33mclass[39m=[32m"flex items-start gap-3"[39m
  [36m/>[39m

  --------------------------------------------------

Ignored nodes: comments, script, style
[36m<body>[39m
  [36m<div>[39m
    [36m<div[39m
      [33mclass[39m=[32m"relative min-h-screen w-full overflow-hidden bg-fn-bg"[39m
    [36m>[39m
      [36m<div[39m
        [33mclass[39m=[32m"absolute inset-0 z-0"[39m
      [36m>[39m
        [36m<img[39m
          [33malt[39m=[32m"Onboarding Background"[39m
          [33mclass[39m=[32m"object-cover opacity-20 grayscale transition-all duration-1000"[39m
          [33mdata-nimg[39m=[32m"fill"[39m
          [33mdecoding[39m=[32m"async"[39m
          [33mfetchpriority[39m=[32m"high"[39m
          [33msizes[39m=[32m"100vw"[39m
          [33msrc[39m=[32m"/_next/image?url=%2Fimages%2Frefined%2Fathletic_female_stretching.png&w=3840&q=75"[39m
          [33msrcset[39m=[32m"/_next/image?url=%2Fimages%2Frefined%2Fathletic_female_stretching.png&w=640&q=75 640w, /_next/image?url=%2Fimages%2Frefined%2Fathletic_female_stretching.png&w=750&q=75 750w, /_next/image?url=%2Fimages%2Frefined%2Fathletic_female_stretching.png&w=828&q=75 828w, /_next/image?url=%2Fimages%2Frefined%2Fathletic_female_stretching.png&w=1080&q=75 1080w, /_next/image?url=%2Fimages%2Frefined%2Fathletic_female_stretching.png&w=1200&q=75 1200w, /_next/image?url=%2Fimages%2Frefined%2Fathletic_female_stretching.png&w=1920&q=75 1920w, /_next/image?url=%2Fimages%2Frefined%2Fathletic_female_stretching.png&w=2048&q=75 2048w, /_next/image?url=%2Fimages%2Frefined%2Fathletic_female_stretching.png&w=3840&q=75 3840w"[39m
          [33mstyle[39m=[32m"position: absolute; height: 100%; width: 100%; left: 0px; top: 0px; right: 0px; bottom: 0px; color: transparent;"[39m
        [36m/>[39m
        [36m<div[39m
          [33mclass[39m=[32m"absolute inset-0 bg-gradient-to-br from-fn-bg via-fn-bg/80 to-transparent"[39m
        [36m/>[39m
      [36m</div>[39m
      [36m<div[39m
        [33mclass[39m=[32m"relative z-10 mx-auto w-full max-w-shell px-4 py-8 sm:px-6"[39m
      [36m>[39m
        [36m<div[39m
          [33mclass[39m=[32m"grid gap-6 lg:grid-cols-[1fr_320px]"[39m
        [36m>[39m
          [36m<div[39m
            [33mclass[39m=[32m"group relative overflow-hidden rounded-xl3 border transition-all duration-500 border-white/[0.08] bg-fn-surface/40 backdrop-blur-md shadow-fn-card hover:border-white/20 hover:bg-fn-surface/60 p-8 bg-fn-surface/60 backdrop-blur-xl border-white/10"[39m
          [36m>[39m
            [36m<div[39m
              [33mclass[39m=[32m"absolute inset-x-0 top-0 h-px bg-gradient-to-r from-transparent via-white/10 to-transparent opacity-50"[39m
            [36m/>[39m
            [36m<div[39m
              [33mclass[39m=[32m"absolute inset-0 translate-x-[-100%] bg-gradient-to-r from-transparent via-white/[0.02] to-transparent transition-transform duration-1000 group-hover:translate-x-[100%]"[39m
            [36m/>[39m
            [36m<div[39m
              [33mclass[39m=[32m"relative z-10"[39m
            [36m>[39m
              [36m<header[39m
                [33mclass[39m=[32m"mb-6"[39m
              [36m>[39m
                [36m<p[39m
                  [33mclass[39m=[32m"text-xs font-semibold uppercase tracking-[0.14em] text-fn-muted"[39m
                [36m>[39m
                  [0mOnboarding[0m
                [36m</p>[39m
                [36m<h1[39m
                  [33mclass[39m=[32m"mt-2 font-display text-4xl text-fn-ink"[39m
                [36m>[39m
                  [0mSet up your profile[0m
                [36m</h1>[39m
                [36m<p[39m
                  [33mclass[39m=[32m"mt-2 text-fn-muted"[39m
                [36m>[39m
                  [0mThis takes about two minutes and helps tailor workouts, nutrition, and safety adjustments.[0m
                [36m</p>[39m
              [36m</header>[39m
              [36m<div[39m
                [33maria-label[39m=[32m"Onboarding progress"[39m
                [33maria-valuemax[39m=[32m"7"[39m
                [33maria-valuemin[39m=[32m"1"[39m
                [33maria-valuenow[39m=[32m"1"[39m
                [33mclass[39m=[32m"mb-6"[39m
                [33mrole[39m=[32m"progressbar"[39m
              [36m>[39m
                [36m<div[39m
                  [33mclass[39m=[32m"flex items-center gap-2"[39m
                [36m>[39m
                  [36m<button[39m
                    [33maria-current[39m=[32m"step"[39m
                    [33mclass[39m=[32m"h-2 flex-1 rounded-full transition-colors focus:outline-none focus:ring-2 focus:ring-fn-primary/30 bg-fn-primary shadow-[0_0_10px_rgba(51,92,255,0.4)]"[39m
                    [33mtype[39m=[32m"button"[39m
                  [36m/>[39m
                  [36m<button[39m
                    [33mclass[39m=[32m"h-2 flex-1 rounded-full transition-colors focus:outline-none focus:ring-2 focus:ring-fn-primary/30 bg-fn-bg-alt"[39m
                    [33mtype[39m=[32m"button"[39m
                  [36m/>[39m
                  [36m<button[39m
                    [33mclass[39m=[32m"h-2 flex-1 rounded-full transition-colors focus:outline-none focus:ring-2 focus:ring-fn-primary/30 bg-fn-bg-alt"[39m
                    [33mtype[39m=[32m"button"[39m
                  [36m/>[39m
                  [36m<button[39m
                    [33mclass[39m=[32m"h-2 flex-1 rounded-full transition-colors focus:outline-none focus:ring-2 focus:ring-fn-primary/30 bg-fn-bg-alt"[39m
                    [33mtype[39m=[32m"button"[39m
                  [36m/>[39m
                  [36m<button[39m
                    [33mclass[39m=[32m"h-2 flex-1 rounded-full transition-colors focus:outline-none focus:ring-2 focus:ring-fn-primary/30 bg-fn-bg-alt"[39m
                    [33mtype[39m=[32m"button"[39m
                  [36m/>[39m
                  [36m<button[39m
                    [33mclass[39m=[32m"h-2 flex-1 rounded-full transition-colors focus:outline-none focus:ring-2 focus:ring-fn-primary/30 bg-fn-bg-alt"[39m
                    [33mtype[39m=[32m"button"[39m
                  [36m/>[39m
                  [36m<button[39m
                    [33mclass[39m=[32m"h-2 flex-1 rounded-full transition-colors focus:outline-none focus:ring-2 focus:ring-fn-primary/30 bg-fn-bg-alt"[39m
                    [33mtype[39m=[32m"button"[39m
                  [36m/>[39m
                  [36m<div[39m
                    [33mclass[39m=[32m"flex shrink-0 items-center justify-center h-8 w-8 rounded-full border-2 transition-colors border-fn-border bg-fn-surface text-fn-muted"[39m
                  [36m>[39m
                    [36m<svg[39m
                      [33mclass[39m=[32m"w-4 h-4"[39m
                      [33mfill[39m=[32m"none"[39m
                      [33mstroke[39m=[32m"currentColor"[39m
                      [33mviewBox[39m=[32m"0 0 24 24"[39m
                    [36m>[39m
        ...
[90m [2m❯[22m Object.getElementError node_modules/@testing-library/dom/dist/config.js:[2m37:19[22m[39m
[90m [2m❯[22m node_modules/@testing-library/dom/dist/query-helpers.js:[2m76:38[22m[39m
[90m [2m❯[22m node_modules/@testing-library/dom/dist/query-helpers.js:[2m52:17[22m[39m
[90m [2m❯[22m node_modules/@testing-library/dom/dist/query-helpers.js:[2m95:19[22m[39m
[36m [2m❯[22m app/onboarding/page.test.tsx:[2m30:30[22m[39m
    [90m 28| [39m      }
    [90m 29| [39m
    [90m 30| [39m      [35mconst[39m nextBtn [33m=[39m screen[33m.[39m[34mgetByRole[39m([32m"button"[39m[33m,[39m { name[33m:[39m [36m/next/i[39m })[33m;[39m
    [90m   | [39m                             [31m^[39m
    [90m 31| [39m      fireEvent[33m.[39m[34mclick[39m(nextBtn)[33m;[39m
    [90m 32| [39m    }

[31m[2m⎯⎯⎯⎯⎯⎯⎯⎯⎯⎯⎯⎯⎯⎯⎯⎯⎯⎯⎯⎯⎯⎯⎯⎯[2/6]⎯[22m[39m

[41m[1m FAIL [22m[49m app/start/page.test.tsx[2m > [22mStart assessment page[2m > [22mstores draft and redirects to auth on completion
[31m[1mTestingLibraryElementError[22m[39m: Unable to find an accessible element with the role "button" and name `/Initialize Next Step/i`

Here are the accessible roles:

  paragraph:

  Name "":
  [36m<p[39m
    [33mclass[39m=[32m"text-xs font-semibold uppercase tracking-[0.14em] text-fn-muted"[39m
  [36m/>[39m

  Name "":
  [36m<p[39m
    [33mclass[39m=[32m"mt-2 text-sm text-fn-muted font-mono"[39m
  [36m/>[39m

  Name "":
  [36m<p[39m
    [33mclass[39m=[32m"mt-6 text-[9px] font-mono text-fn-muted/50 uppercase tracking-[0.2em] text-center"[39m
  [36m/>[39m

  Name "":
  [36m<p[39m
    [33mclass[39m=[32m"mt-2 text-[11px] font-black uppercase tracking-[0.3em] text-fn-muted"[39m
  [36m/>[39m

  Name "":
  [36m<p[39m
    [33mclass[39m=[32m"text-[10px] font-black uppercase tracking-widest text-fn-accent mb-2"[39m
  [36m/>[39m

  Name "":
  [36m<p[39m
    [33mclass[39m=[32m"text-[10px] text-fn-muted leading-relaxed"[39m
  [36m/>[39m

  --------------------------------------------------
  heading:

  Name "Build Your Legend":
  [36m<h1[39m
    [33mclass[39m=[32m"mt-3 font-display text-3xl text-fn-ink sm:text-4xl italic uppercase font-black tracking-tighter"[39m
  [36m/>[39m

  Name "What is your primary goal right now?":
  [36m<h2[39m
    [33mclass[39m=[32m"text-xl font-semibold text-fn-ink uppercase tracking-tight italic"[39m
  [36m/>[39m

  Name "Your choices so far":
  [36m<h2[39m
    [33mclass[39m=[32m"font-display text-2xl font-black text-white italic uppercase tracking-tighter leading-none"[39m
  [36m/>[39m

  --------------------------------------------------
  button:

  Name "Weight lossThis choice helps Koda shape your first plan.":
  [36m<button[39m
    [33mclass[39m=[32m"min-h-[80px] rounded-xl border px-4 py-3 text-left transition-all duration-300 border-fn-accent bg-fn-accent/10 text-white shadow-[0_0_15px_rgba(10,217,196,0.1)] scale-[1.02]"[39m
    [33mtype[39m=[32m"button"[39m
  [36m/>[39m

  Name "Muscle gainThis choice helps Koda shape your first plan.":
  [36m<button[39m
    [33mclass[39m=[32m"min-h-[80px] rounded-xl border px-4 py-3 text-left transition-all duration-300 border-fn-border bg-white text-fn-ink hover:border-fn-accent/40"[39m
    [33mtype[39m=[32m"button"[39m
  [36m/>[39m

  Name "MobilityThis choice helps Koda shape your first plan.":
  [36m<button[39m
    [33mclass[39m=[32m"min-h-[80px] rounded-xl border px-4 py-3 text-left transition-all duration-300 border-fn-border bg-white text-fn-ink hover:border-fn-accent/40"[39m
    [33mtype[39m=[32m"button"[39m
  [36m/>[39m

  Name "General fitnessThis choice helps Koda shape your first plan.":
  [36m<button[39m
    [33mclass[39m=[32m"min-h-[80px] rounded-xl border px-4 py-3 text-left transition-all duration-300 border-fn-border bg-white text-fn-ink hover:border-fn-accent/40"[39m
    [33mtype[39m=[32m"button"[39m
  [36m/>[39m

  Name "Back":
  [36m<button[39m
    [33mclass[39m=[32m"inline-flex items-center justify-center rounded-xl transition-all duration-300 active:scale-95 focus:outline-none focus:ring-2 focus:ring-offset-2 focus:ring-offset-fn-bg text-fn-muted hover:bg-white/5 hover:text-white focus:ring-fn-primary/20 h-touch-lg px-8 py-4 text-[11px] tracking-[0.25em] font-black"[39m
    [33mdisabled[39m=[32m""[39m
    [33mtype[39m=[32m"button"[39m
  [36m/>[39m

  Name "Next":
  [36m<button[39m
    [33mclass[39m=[32m"inline-flex items-center justify-center rounded-xl transition-all duration-300 active:scale-95 focus:outline-none focus:ring-2 focus:ring-offset-2 focus:ring-offset-fn-bg bg-fn-primary text-black shadow-fn-btn hover:bg-white hover:scale-[1.02] focus:ring-fn-primary/40 disabled:opacity-50 h-touch-lg px-8 py-4 text-[11px] tracking-[0.25em] font-black"[39m
    [33mtype[39m=[32m"button"[39m
  [36m/>[39m

  --------------------------------------------------
  term:

  Name "":
  [36m<dt[39m
    [33mclass[39m=[32m"font-black uppercase tracking-widest text-fn-muted mb-1"[39m
  [36m/>[39m

  Name "":
  [36m<dt[39m
    [33mclass[39m=[32m"font-black uppercase tracking-widest text-fn-muted mb-1"[39m
  [36m/>[39m

  Name "":
  [36m<dt[39m
    [33mclass[39m=[32m"font-black uppercase tracking-widest text-fn-muted mb-1"[39m
  [36m/>[39m

  Name "":
  [36m<dt[39m
    [33mclass[39m=[32m"font-black uppercase tracking-widest text-fn-muted mb-1"[39m
  [36m/>[39m

  Name "":
  [36m<dt[39m
    [33mclass[39m=[32m"font-black uppercase tracking-widest text-fn-muted mb-1"[39m
  [36m/>[39m

  --------------------------------------------------
  definition:

  Name "":
  [36m<dd[39m
    [33mclass[39m=[32m"font-bold text-white uppercase italic"[39m
  [36m/>[39m

  Name "":
  [36m<dd[39m
    [33mclass[39m=[32m"font-bold text-white uppercase italic"[39m
  [36m/>[39m

  Name "":
  [36m<dd[39m
    [33mclass[39m=[32m"font-bold text-white uppercase italic"[39m
  [36m/>[39m

  Name "":
  [36m<dd[39m
    [33mclass[39m=[32m"font-bold text-white uppercase italic"[39m
  [36m/>[39m

  Name "":
  [36m<dd[39m
    [33mclass[39m=[32m"font-bold text-white uppercase italic"[39m
  [36m/>[39m

  --------------------------------------------------

Ignored nodes: comments, script, style
[36m<body>[39m
  [36m<div>[39m
    [36m<div[39m
      [33mclass[39m=[32m"mx-auto w-full max-w-shell px-4 py-8 sm:px-6"[39m
    [36m>[39m
      [36m<div[39m
        [33mclass[39m=[32m"grid gap-6 lg:grid-cols-[1fr_320px]"[39m
      [36m>[39m
        [36m<div[39m
          [33mclass[39m=[32m"group relative overflow-hidden rounded-xl3 border transition-all duration-500 border-white/[0.08] bg-fn-surface/40 backdrop-blur-md shadow-fn-card hover:border-white/20 hover:bg-fn-surface/60 p-8 rise-reveal"[39m
        [36m>[39m
          [36m<div[39m
            [33mclass[39m=[32m"absolute inset-x-0 top-0 h-px bg-gradient-to-r from-transparent via-white/10 to-transparent opacity-50"[39m
          [36m/>[39m
          [36m<div[39m
            [33mclass[39m=[32m"absolute inset-0 translate-x-[-100%] bg-gradient-to-r from-transparent via-white/[0.02] to-transparent transition-transform duration-1000 group-hover:translate-x-[100%]"[39m
          [36m/>[39m
          [36m<div[39m
            [33mclass[39m=[32m"relative z-10"[39m
          [36m>[39m
            [36m<div[39m
              [33mclass[39m=[32m"mb-5"[39m
            [36m>[39m
              [36m<p[39m
                [33mclass[39m=[32m"text-xs font-semibold uppercase tracking-[0.14em] text-fn-muted"[39m
              [36m>[39m
                [0mQuick assessment[0m
              [36m</p>[39m
              [36m<h1[39m
                [33mclass[39m=[32m"mt-3 font-display text-3xl text-fn-ink sm:text-4xl italic uppercase font-black tracking-tighter"[39m
              [36m>[39m
                [0mBuild Your Legend[0m
              [36m</h1>[39m
              [36m<div[39m
                [33mclass[39m=[32m"mt-4 h-2 w-full overflow-hidden rounded-full bg-fn-bg-alt"[39m
              [36m>[39m
                [36m<div[39m
                  [33mclass[39m=[32m"h-full rounded-full bg-fn-accent shadow-[0_0_10px_rgba(10,217,196,0.5)] transition-all"[39m
                  [33mstyle[39m=[32m"width: 14.285714285714285%;"[39m
                [36m/>[39m
              [36m</div>[39m
              [36m<p[39m
                [33mclass[39m=[32m"mt-2 text-sm text-fn-muted font-mono"[39m
              [36m>[39m
                [0mStep 0[0m
                [0m1[0m
                [0m / 0[0m
                [0m7[0m
              [36m</p>[39m
            [36m</div>[39m
            [36m<h2[39m
              [33mclass[39m=[32m"text-xl font-semibold text-fn-ink uppercase tracking-tight italic"[39m
            [36m>[39m
              [0mWhat is your primary goal right now?[0m
            [36m</h2>[39m
            [36m<div[39m
              [33mclass[39m=[32m"mt-4 grid gap-3 sm:grid-cols-2"[39m
            [36m>[39m
              [36m<button[39m
                [33mclass[39m=[32m"min-h-[80px] rounded-xl border px-4 py-3 text-left transition-all duration-300 border-fn-accent bg-fn-accent/10 text-white shadow-[0_0_15px_rgba(10,217,196,0.1)] scale-[1.02]"[39m
                [33mtype[39m=[32m"button"[39m
              [36m>[39m
                [36m<span[39m
                  [33mclass[39m=[32m"block text-xs font-black uppercase tracking-widest text-fn-accent"[39m
                [36m>[39m
                  [0mWeight loss[0m
                [36m</span>[39m
                [36m<span[39m
                  [33mclass[39m=[32m"mt-1 block text-[10px] font-medium text-fn-muted"[39m
                [36m>[39m
                  [0mThis choice helps Koda shape your first plan.[0m
                [36m</span>[39m
              [36m</button>[39m
              [36m<button[39m
                [33mclass[39m=[32m"min-h-[80px] rounded-xl border px-4 py-3 text-left transition-all duration-300 border-fn-border bg-white text-fn-ink hover:border-fn-accent/40"[39m
                [33mtype[39m=[32m"button"[39m
              [36m>[39m
                [36m<span[39m
                  [33mclass[39m=[32m"block text-xs font-black uppercase tracking-widest text-fn-muted"[39m
                [36m>[39m
                  [0mMuscle gain[0m
                [36m</span>[39m
                [36m<span[39m
                  [33mclass[39m=[32m"mt-1 block text-[10px] font-medium text-fn-muted"[39m
                [36m>[39m
                  [0mThis choice helps Koda shape your first plan.[0m
                [36m</span>[39m
              [36m</button>[39m
              [36m<button[39m
                [33mclass[39m=[32m"min-h-[80px] rounded-xl border px-4 py-3 text-left transition-all duration-300 border-fn-border bg-white text-fn-ink hover:border-fn-accent/40"[39m
                [33mtype[39m=[32m"button"[39m
              [36m>[39m
                [36m<span[39m
                  [33mclass[39m=[32m"block text-xs font-black uppercase tracking-widest text-fn-muted"[39m
                [36m>[39m
                  [0mMobility[0m
                [36m</span>[39m
                [36m<span[39m
                  [33mclass[39m=[32m"mt-1 block text-[10px] font-medium text-fn-muted"[39m
                [36m>[39m
                  [0mThis choice helps Koda shape your first plan.[0m
                [36m</span>[39m
              [36m</button>[39m
              [36m<button[39m
                [33mclass[39m=[32m"min-h-[80px] rounded-xl border px-4 py-3 text-left transition-all duration-300 border-fn-border bg-white text-fn-ink hover:border-fn-accent/40"[39m
                [33mtype[39m=[32m"button"[39m
              [36m>[39m
                [36m<span[39m
                  [33mclass[39m=[32m"block text-xs font-black uppercase tracking-widest text-fn-muted"[39m
                [36m>[39m
                  [0mGeneral fitness[0m
                [36m</span>[39m
                [36m<span[39m
                  [33mclass[39m=[32m"mt-1 block text-[10px] font-medium text-fn-muted"[39m
                [36m>[39m
                  [0mThis choice helps Koda shape your first plan.[0m
                [36m</span>[39m
              [36m</button>[39m
            [36m</div>[39m
            [36m<div[39m
              [33mclass[39m=[32m"mt-10 flex items-center justify-between gap-3 pt-6 border-t border-fn-border"[39m
            [36m>[39m
              [36m<button[39m
                [33mclass[39m=[32m"inline-flex items-center justify-center rounded-xl transition-all duration-300 active:scale-95 focus:outline-none focus:ring-2 focus:ring-offset-2 focus:ring-offset-fn-bg text-fn-muted hover:bg-white/5 hover:text-white focus:ring-fn-primary/20 h-touch-lg px-8 py-4 text-[11px] tracking-[0.25em] font-black"[39m
                [33mdisabled[39m=[32m""[39m
                [33mtype[39m=[32m"button"[39m
              [36m>[39m
                [36m<span[39m
                  [33mclass[39m=[32m"text-[10px] font-black uppercase tracking-widest"[39m
                [36m>[39m
                  [0mBack[0m
                [36m</span>[39m
              [36m</button>[39m
              [36m<button[39m
                [33mclass[39m=[32m"inline-flex items-center justify-center rounded-xl transition-all duration-300 active:scale-95 focus:outline-none focus:ring-2 focus:ring-offset-2 focus:ring-offset-fn-bg bg-fn-primary text-black shadow-fn-btn hover:bg-white hover:scale-[1.02] focus:ring-fn-primary/40 disabled:opacity-50 h-touch-lg px-8 py-4 text-[11px] tracking-[0.25em] font-black"[39m
                [33mtype[39m=[32m"button"[39m
              [36m>[39m
                [36m<span[39m
                  [33mclass[39m=[32m"text-[10px] font-black uppercase tracking-widest"[39m
                [36m>[39m
                  [0mNext[0m
                [36m</span>[39m
              [36m</button>[39m
            [36m</div>[39m
            [36m<p[39m
              [33mclass[39m=[32m"mt-6 text-[9px] font-mono text-fn-muted/50 uppercase tracking-[0.2em] text-center"[39m
            [36m>[39m
              [0mPersonalized coaching preview[0m
            [36m</p>[39m
          [36m</div>[39m
        [36m</div>[39m
        [36m<div[39m
          [33mclass[39m=[32m"group relative overflow-hidden rounded-xl3 border transition-all duration-500 border-white/[0.08] bg-fn-surface/40 backdrop-blur-md shadow-fn-card hover:border-white/20 hover:bg-fn-surface/60 p-8 rise-reveal rise-reveal-delay-1 lg:sticky lg:top-8 lg:h-fit border-fn-accent/10 bg-fn-accent/[0.02]"[39m
        [36m>[39m
          [36m<div[39m
            [33mclass[39m=[32m"absolute inset-x-0 top-0 h-px bg-gradient-to-r from-transparent via-white/10 to-transparent opacity-50"[39m
          [36m/>[39m
          [36m<div[39m
            [33mclass[39m=[32m"absolute inset-0 translate-x-[-100%] bg-gradient-to-r from-transparent via-white/[0.02] to-transparent transition-transform duration-1000 group-hover:translate-x-[100%]"[39m
          [36m/>[39m
          [36m<div[39m
            [33mclass[39m=[32m"relative z-10"[39m
          [36m>[39m
            [36m<div[39m
              [33mclass[39m=[32m"mb-6"[39m
            [36m>[39m
              [36m<h2[39m
                [33mclass[39m=[32m"font-display text-2xl font-black text-white italic uppercase tracking-tighter leading-none"[39m
              [36m>[39m
                [0mYour choices so far[0m
              [36m</h2>[39m
              [36m<p[39m
                [33mclass[39m=[32m"mt-2 text-[11px] font-black uppercase tracking-[0.3em] text-fn-muted"[39m
              [36m>[39m
                [0mThese answers shape your first plan[0m
              [36m</p>[39m
            [36m</div>[39m
            [36m<dl[39m
              [33mclass[39m=[32m"mt-4 space-y-4 text-[11px]"[39m
            [36m>[39m
              [36m<div>[39m
                [36m<dt[39m
                  [33mclass[39m=[32m"font-black uppercase tracking-widest text-fn-muted mb-1"[39m
                [36m>[39m
                  [0mTarget Goal[0m
                [36m</dt>[39m
                [36m<dd[39m
                  [33mclass[39m=[32m"font-bold text-white uppercase italic"[39m
                [36m>[39m
                  [0mWeight loss[0m
                [36m</dd>[39m
              [36m</div>[39m
              [36m<div>[39m
                [36m<dt[39m
                  [33mclass[39m=[32m"font-black uppercase tracking-widest text-fn-muted mb-1"[39m
                [36m>[39m
                  [0mExperience Level[0m
                [36m</dt>[39m
                [36m<dd[39m
                  [33mclass[39m=[32m"font-bold text-white uppercase italic"[39m
                [36m>[39m
                  [0mBeginner[0m
                [36m</dd>[39m
              [36m</div>[39m
              [36m<div>[39m
                [36m<dt[39m
                  [33mclass[39m=[32m"font-black uppercase tracking-widest text-fn-muted mb-1"[39m
                [36m>[39m
                  [0mFrequency[0m
                [36m</dt>[39m
                [36m<dd[39m
                  [33mclass[39m=[32m"font-bold text-white uppercase italic"[39m
                [36m>[39m
                  [0m3 days[0m
                [36m</dd>[39m
              [36m</div>[39m
              [36m<div>[39m
                [36m<dt[39m
                  [33mclass[39m=[32m"font-black uppercase tracking-widest text-fn-muted mb-1"[39m
                [36m>[39m
                  [0mEnvironment[0m
                [36m</dt>[39m
                [36m<dd[39m
                  [33mclass[39m=[32m"font-bold text-white uppercase italic"[39m
                [36m>[39m
                  [0mGym[0m
                [36m</dd>[39m
              [36m</div>[39m
              [36m<div>[39m
                [36m<dt[39m
                  [33mclass[39m=[32m"font-black uppercase tracking-widest text-fn-muted mb-1"[39m
                [36m>[39m
                  [0mNutrition Focus[0m
                [36m</dt>[39m
                [36m<dd[39m
                  [33mclass[39m=[32m"font-bold text-white uppercase italic"[39m
                [36m>[39m
                  [0mCalorie control[0m
                [36m</dd>[39m
              [36m</div>[39m
            [36m</dl>[39m
            [36m<div[39m
              [33mclass[39m=[32m"mt-8 rounded-xl bg-fn-accent/10 p-4 border border-fn-accent/20"[39m
            [36m>[39m
              [36m<p[39m
                [33mclass[39m=[32m"text-[10px] font-black uppercase tracking-widest text-fn-accent mb-2"[39m
              [36m>[39m
                [0mWhy this makes sense[0m
              [36m</p>[39m
              [36m<p[39m
                [33mclass[39m=[32m"text-[10px] text-fn-muted leading-relaxed"[39m
              [36m>[39m
                [0mBased on your [0m
                [0mbeginner[0m
                [0m experience level, we are shaping a [0m
                [0mweight loss[0m
                [0m plan for [0m
                [0mgym[0m
                [0m training [0m
                [0m3 days[0m
                [0m.[0m
              [36m</p>[39m
            [36m</div>[39m
          [36m</div>[39m
        [36m</div>[39m
      [36m</div>[39m
    [36m</div>[39m
  [36m</div>[39m
[36m</body>[39m
[90m [2m❯[22m Object.getElementError node_modules/@testing-library/dom/dist/config.js:[2m37:19[22m[39m
[90m [2m❯[22m node_modules/@testing-library/dom/dist/query-helpers.js:[2m76:38[22m[39m
[90m [2m❯[22m node_modules/@testing-library/dom/dist/query-helpers.js:[2m52:17[22m[39m
[90m [2m❯[22m node_modules/@testing-library/dom/dist/query-helpers.js:[2m95:19[22m[39m
[36m [2m❯[22m app/start/page.test.tsx:[2m23:28[22m[39m
    [90m 21| [39m
    [90m 22| [39m    [90m// Step 0: Goal[39m
    [90m 23| [39m    fireEvent.click(screen.getByRole("button", { name: /Initialize Nex…
    [90m   | [39m                           [31m^[39m
    [90m 24| [39m
    [90m 25| [39m    [90m// Step 1: Frequency[39m

[31m[2m⎯⎯⎯⎯⎯⎯⎯⎯⎯⎯⎯⎯⎯⎯⎯⎯⎯⎯⎯⎯⎯⎯⎯⎯[3/6]⎯[22m[39m

[41m[1m FAIL [22m[49m lib/ai/assemble-context.test.ts[2m > [22massembleContext[2m > [22mreturns system prompt including base coach persona
[31m[1mError[22m: OPENROUTER_API_KEY is not set.[39m
[36m [2m❯[22m getEmbedding lib/ai/memory.ts:[2m16:24[22m[39m
    [90m 14| [39m[35mexport[39m [35masync[39m [35mfunction[39m [34mgetEmbedding[39m(text[33m:[39m string)[33m:[39m [33mPromise[39m[33m<[39mnumber[][33m>[39m {
    [90m 15| [39m    [35mconst[39m apiKey [33m=[39m process[33m.[39menv[33m.[39m[33mOPENROUTER_API_KEY[39m[33m;[39m
    [90m 16| [39m    [35mif[39m ([33m![39mapiKey) [35mthrow[39m [35mnew[39m [33mError[39m([32m"OPENROUTER_API_KEY is not set."[39m)[33m;[39m
    [90m   | [39m                       [31m^[39m
    [90m 17| [39m
    [90m 18| [39m    // Using text-embedding-3-small as default for cost/performance ba…
[90m [2m❯[22m Module.queryMemory lib/ai/memory.ts:[2m72:29[22m[39m
[90m [2m❯[22m lib/ai/assemble-context.ts:[2m133:43[22m[39m
[90m [2m❯[22m assembleContext lib/ai/assemble-context.ts:[2m76:156[22m[39m
[90m [2m❯[22m lib/ai/assemble-context.test.ts:[2m19:30[22m[39m

[31m[2m⎯⎯⎯⎯⎯⎯⎯⎯⎯⎯⎯⎯⎯⎯⎯⎯⎯⎯⎯⎯⎯⎯⎯⎯[4/6]⎯[22m[39m

[41m[1m FAIL [22m[49m lib/ai/assemble-context.test.ts[2m > [22massembleContext[2m > [22mincludes user profile when present
[31m[1mError[22m: OPENROUTER_API_KEY is not set.[39m
[36m [2m❯[22m getEmbedding lib/ai/memory.ts:[2m16:24[22m[39m
    [90m 14| [39m[35mexport[39m [35masync[39m [35mfunction[39m [34mgetEmbedding[39m(text[33m:[39m string)[33m:[39m [33mPromise[39m[33m<[39mnumber[][33m>[39m {
    [90m 15| [39m    [35mconst[39m apiKey [33m=[39m process[33m.[39menv[33m.[39m[33mOPENROUTER_API_KEY[39m[33m;[39m
    [90m 16| [39m    [35mif[39m ([33m![39mapiKey) [35mthrow[39m [35mnew[39m [33mError[39m([32m"OPENROUTER_API_KEY is not set."[39m)[33m;[39m
    [90m   | [39m                       [31m^[39m
    [90m 17| [39m
    [90m 18| [39m    // Using text-embedding-3-small as default for cost/performance ba…
[90m [2m❯[22m Module.queryMemory lib/ai/memory.ts:[2m72:29[22m[39m
[90m [2m❯[22m lib/ai/assemble-context.ts:[2m133:43[22m[39m
[90m [2m❯[22m assembleContext lib/ai/assemble-context.ts:[2m76:156[22m[39m
[90m [2m❯[22m lib/ai/assemble-context.test.ts:[2m53:30[22m[39m

[31m[2m⎯⎯⎯⎯⎯⎯⎯⎯⎯⎯⎯⎯⎯⎯⎯⎯⎯⎯⎯⎯⎯⎯⎯⎯[5/6]⎯[22m[39m

[41m[1m FAIL [22m[49m app/api/v1/ai/respond/route.test.ts[2m > [22mPOST /api/v1/ai/respond[2m > [22mupdates today's workout plan with guided-coach-ready exercise details
[31m[1mAssertionError[22m: expected "vi.fn()" to be called 1 times, but got 0 times[39m
[36m [2m❯[22m app/api/v1/ai/respond/route.test.ts:[2m662:29[22m[39m
    [90m660| [39m    [35mconst[39m res [33m=[39m [35mawait[39m [33mPOST[39m(req)[33m;[39m
    [90m661| [39m    [34mexpect[39m(res[33m.[39mstatus)[33m.[39m[34mtoBe[39m([34m200[39m)[33m;[39m
    [90m662| [39m    [34mexpect[39m(dailyPlanUpsert)[33m.[39m[34mtoHaveBeenCalledTimes[39m([34m1[39m)[33m;[39m
    [90m   | [39m                            [31m^[39m
    [90m663| [39m
    [90m664| [39m    [35mconst[39m data [33m=[39m [35mawait[39m res[33m.[39m[34mjson[39m()[33m;[39m

[31m[2m⎯⎯⎯⎯⎯⎯⎯⎯⎯⎯⎯⎯⎯⎯⎯⎯⎯⎯⎯⎯⎯⎯⎯⎯[6/6]⎯[22m[39m


[2m Test Files [22m [1m[31m5 failed[39m[22m[2m | [22m[1m[32m56 passed[39m[22m[90m (61)[39m
[2m      Tests [22m [1m[31m6 failed[39m[22m[2m | [22m[1m[32m144 passed[39m[22m[2m | [22m[33m1 skipped[39m[90m (151)[39m
[2m   Start at [22m 22:55:12
[2m   Duration [22m 42.33s[2m (transform 2.98s, setup 4.57s, import 6.49s, tests 3.92s, environment 14.91s)[22m

